running egg_info
creating ../../build/dobot_viz/dobot_viz.egg-info
writing ../../build/dobot_viz/dobot_viz.egg-info/PKG-INFO
writing dependency_links to ../../build/dobot_viz/dobot_viz.egg-info/dependency_links.txt
writing requirements to ../../build/dobot_viz/dobot_viz.egg-info/requires.txt
writing top-level names to ../../build/dobot_viz/dobot_viz.egg-info/top_level.txt
writing manifest file '../../build/dobot_viz/dobot_viz.egg-info/SOURCES.txt'
reading manifest file '../../build/dobot_viz/dobot_viz.egg-info/SOURCES.txt'
adding license file 'LICENSE'
writing manifest file '../../build/dobot_viz/dobot_viz.egg-info/SOURCES.txt'
running build
running build_py
creating /mnt/d/Curtin_Colombo/year_3/sem_1/mxen3005/milestone_5_redone/mxen_ws/build/dobot_viz/build
creating /mnt/d/Curtin_Colombo/year_3/sem_1/mxen3005/milestone_5_redone/mxen_ws/build/dobot_viz/build/lib
creating /mnt/d/Curtin_Colombo/year_3/sem_1/mxen3005/milestone_5_redone/mxen_ws/build/dobot_viz/build/lib/dobot_viz
copying dobot_viz/__init__.py -> /mnt/d/Curtin_Colombo/year_3/sem_1/mxen3005/milestone_5_redone/mxen_ws/build/dobot_viz/build/lib/dobot_viz
copying dobot_viz/py.typed -> /mnt/d/Curtin_Colombo/year_3/sem_1/mxen3005/milestone_5_redone/mxen_ws/build/dobot_viz/build/lib/dobot_viz
running install
running install_lib
creating /mnt/d/Curtin_Colombo/year_3/sem_1/mxen3005/milestone_5_redone/mxen_ws/install/dobot_viz/lib/python3.12/site-packages/dobot_viz
copying /mnt/d/Curtin_Colombo/year_3/sem_1/mxen3005/milestone_5_redone/mxen_ws/build/dobot_viz/build/lib/dobot_viz/py.typed -> /mnt/d/Curtin_Colombo/year_3/sem_1/mxen3005/milestone_5_redone/mxen_ws/install/dobot_viz/lib/python3.12/site-packages/dobot_viz
copying /mnt/d/Curtin_Colombo/year_3/sem_1/mxen3005/milestone_5_redone/mxen_ws/build/dobot_viz/build/lib/dobot_viz/__init__.py -> /mnt/d/Curtin_Colombo/year_3/sem_1/mxen3005/milestone_5_redone/mxen_ws/install/dobot_viz/lib/python3.12/site-packages/dobot_viz
byte-compiling /mnt/d/Curtin_Colombo/year_3/sem_1/mxen3005/milestone_5_redone/mxen_ws/install/dobot_viz/lib/python3.12/site-packages/dobot_viz/__init__.py to __init__.cpython-312.pyc
running install_data
creating /mnt/d/Curtin_Colombo/year_3/sem_1/mxen3005/milestone_5_redone/mxen_ws/install/dobot_viz/share/ament_index
creating /mnt/d/Curtin_Colombo/year_3/sem_1/mxen3005/milestone_5_redone/mxen_ws/install/dobot_viz/share/ament_index/resource_index
creating /mnt/d/Curtin_Colombo/year_3/sem_1/mxen3005/milestone_5_redone/mxen_ws/install/dobot_viz/share/ament_index/resource_index/packages
copying resource/dobot_viz -> /mnt/d/Curtin_Colombo/year_3/sem_1/mxen3005/milestone_5_redone/mxen_ws/install/dobot_viz/share/ament_index/resource_index/packages
copying package.xml -> /mnt/d/Curtin_Colombo/year_3/sem_1/mxen3005/milestone_5_redone/mxen_ws/install/dobot_viz/share/dobot_viz
creating /mnt/d/Curtin_Colombo/year_3/sem_1/mxen3005/milestone_5_redone/mxen_ws/install/dobot_viz/share/dobot_viz/launch
copying launch/dobot_viz_launch.xml -> /mnt/d/Curtin_Colombo/year_3/sem_1/mxen3005/milestone_5_redone/mxen_ws/install/dobot_viz/share/dobot_viz/launch
creating /mnt/d/Curtin_Colombo/year_3/sem_1/mxen3005/milestone_5_redone/mxen_ws/install/dobot_viz/share/dobot_viz/config
creating /mnt/d/Curtin_Colombo/year_3/sem_1/mxen3005/milestone_5_redone/mxen_ws/install/dobot_viz/share/dobot_viz/urdf
copying urdf/dobot.urdf.xacro -> /mnt/d/Curtin_Colombo/year_3/sem_1/mxen3005/milestone_5_redone/mxen_ws/install/dobot_viz/share/dobot_viz/urdf
running install_egg_info
Copying ../../build/dobot_viz/dobot_viz.egg-info to /mnt/d/Curtin_Colombo/year_3/sem_1/mxen3005/milestone_5_redone/mxen_ws/install/dobot_viz/lib/python3.12/site-packages/dobot_viz-0.0.0-py3.12.egg-info
running install_scripts
writing list of installed files to '/mnt/d/Curtin_Colombo/year_3/sem_1/mxen3005/milestone_5_redone/mxen_ws/build/dobot_viz/install.log'
