[2.253s] DEBUG:colcon:Command line arguments: ['/usr/bin/colcon', 'build']
[2.254s] DEBUG:colcon:Parsed command line arguments: Namespace(log_base=None, log_level=None, verb_name='build', build_base='build', install_base='install', merge_install=False, symlink_install=False, test_result_base=None, continue_on_error=False, executor='parallel', parallel_workers=16, event_handlers=None, ignore_user_meta=False, metas=['./colcon.meta'], base_paths=['.'], packages_ignore=None, packages_ignore_regex=None, paths=None, packages_up_to=None, packages_up_to_regex=None, packages_above=None, packages_above_and_dependencies=None, packages_above_depth=None, packages_select_by_dep=None, packages_skip_by_dep=None, packages_skip_up_to=None, packages_select_build_failed=False, packages_skip_build_finished=False, packages_select_test_failures=False, packages_skip_test_passed=False, packages_select=None, packages_skip=None, packages_select_regex=None, packages_skip_regex=None, packages_start=None, packages_end=None, allow_overriding=[], cmake_args=None, cmake_target=None, cmake_target_skip_unavailable=False, cmake_clean_cache=False, cmake_clean_first=False, cmake_force_configure=False, ament_cmake_args=None, catkin_cmake_args=None, catkin_skip_building_tests=False, mixin_files=None, mixin=None, verb_parser=<colcon_mixin.mixin.mixin_argument.MixinArgumentDecorator object at 0x74b6a0989580>, verb_extension=<colcon_core.verb.build.BuildVerb object at 0x74b6a09370e0>, main=<bound method BuildVerb.main of <colcon_core.verb.build.BuildVerb object at 0x74b6a09370e0>>, mixin_verb=('build',))
[2.531s] Level 1:colcon.colcon_core.package_discovery:discover_packages(colcon_meta) check parameters
[2.533s] Level 1:colcon.colcon_core.package_discovery:discover_packages(recursive) check parameters
[2.533s] Level 1:colcon.colcon_core.package_discovery:discover_packages(ignore) check parameters
[2.534s] Level 1:colcon.colcon_core.package_discovery:discover_packages(path) check parameters
[2.534s] Level 1:colcon.colcon_core.package_discovery:discover_packages(colcon_meta) discover
[2.535s] Level 1:colcon.colcon_core.package_discovery:discover_packages(recursive) discover
[2.536s] INFO:colcon.colcon_core.package_discovery:Crawling recursively for packages in '/mnt/d/Curtin_Colombo/year_3/sem_1/mxen3005/milestone_5_redone/mxen_ws'
[2.540s] Level 1:colcon.colcon_core.package_identification:_identify(.) by extensions ['ignore', 'ignore_ament_install']
[2.541s] Level 1:colcon.colcon_core.package_identification:_identify(.) by extension 'ignore'
[2.543s] Level 1:colcon.colcon_core.package_identification:_identify(.) by extension 'ignore_ament_install'
[2.545s] Level 1:colcon.colcon_core.package_identification:_identify(.) by extensions ['colcon_pkg']
[2.546s] Level 1:colcon.colcon_core.package_identification:_identify(.) by extension 'colcon_pkg'
[2.547s] Level 1:colcon.colcon_core.package_identification:_identify(.) by extensions ['colcon_meta']
[2.548s] Level 1:colcon.colcon_core.package_identification:_identify(.) by extension 'colcon_meta'
[2.549s] Level 1:colcon.colcon_core.package_identification:_identify(.) by extensions ['ros']
[2.550s] Level 1:colcon.colcon_core.package_identification:_identify(.) by extension 'ros'
[2.829s] Level 1:colcon.colcon_core.package_identification:_identify(.) by extensions ['cmake', 'python']
[2.830s] Level 1:colcon.colcon_core.package_identification:_identify(.) by extension 'cmake'
[2.831s] Level 1:colcon.colcon_core.package_identification:_identify(.) by extension 'python'
[2.832s] Level 1:colcon.colcon_core.package_identification:_identify(.) by extensions ['python_setup_py']
[2.832s] Level 1:colcon.colcon_core.package_identification:_identify(.) by extension 'python_setup_py'
[2.841s] Level 1:colcon.colcon_core.package_identification:_identify(build) by extensions ['ignore', 'ignore_ament_install']
[2.842s] Level 1:colcon.colcon_core.package_identification:_identify(build) by extension 'ignore'
[2.846s] Level 1:colcon.colcon_core.package_identification:_identify(build) ignored
[2.854s] Level 1:colcon.colcon_core.package_identification:_identify(install) by extensions ['ignore', 'ignore_ament_install']
[2.855s] Level 1:colcon.colcon_core.package_identification:_identify(install) by extension 'ignore'
[2.859s] Level 1:colcon.colcon_core.package_identification:_identify(install) ignored
[2.871s] Level 1:colcon.colcon_core.package_identification:_identify(log) by extensions ['ignore', 'ignore_ament_install']
[2.871s] Level 1:colcon.colcon_core.package_identification:_identify(log) by extension 'ignore'
[2.874s] Level 1:colcon.colcon_core.package_identification:_identify(log) ignored
[2.878s] Level 1:colcon.colcon_core.package_identification:_identify(src) by extensions ['ignore', 'ignore_ament_install']
[2.879s] Level 1:colcon.colcon_core.package_identification:_identify(src) by extension 'ignore'
[2.880s] Level 1:colcon.colcon_core.package_identification:_identify(src) by extension 'ignore_ament_install'
[2.882s] Level 1:colcon.colcon_core.package_identification:_identify(src) by extensions ['colcon_pkg']
[2.882s] Level 1:colcon.colcon_core.package_identification:_identify(src) by extension 'colcon_pkg'
[2.884s] Level 1:colcon.colcon_core.package_identification:_identify(src) by extensions ['colcon_meta']
[2.884s] Level 1:colcon.colcon_core.package_identification:_identify(src) by extension 'colcon_meta'
[2.886s] Level 1:colcon.colcon_core.package_identification:_identify(src) by extensions ['ros']
[2.887s] Level 1:colcon.colcon_core.package_identification:_identify(src) by extension 'ros'
[2.891s] Level 1:colcon.colcon_core.package_identification:_identify(src) by extensions ['cmake', 'python']
[2.892s] Level 1:colcon.colcon_core.package_identification:_identify(src) by extension 'cmake'
[2.893s] Level 1:colcon.colcon_core.package_identification:_identify(src) by extension 'python'
[2.894s] Level 1:colcon.colcon_core.package_identification:_identify(src) by extensions ['python_setup_py']
[2.895s] Level 1:colcon.colcon_core.package_identification:_identify(src) by extension 'python_setup_py'
[2.905s] Level 1:colcon.colcon_core.package_identification:_identify(src/dobot_viz) by extensions ['ignore', 'ignore_ament_install']
[2.906s] Level 1:colcon.colcon_core.package_identification:_identify(src/dobot_viz) by extension 'ignore'
[2.911s] Level 1:colcon.colcon_core.package_identification:_identify(src/dobot_viz) by extension 'ignore_ament_install'
[2.920s] Level 1:colcon.colcon_core.package_identification:_identify(src/dobot_viz) by extensions ['colcon_pkg']
[2.923s] Level 1:colcon.colcon_core.package_identification:_identify(src/dobot_viz) by extension 'colcon_pkg'
[2.935s] Level 1:colcon.colcon_core.package_identification:_identify(src/dobot_viz) by extensions ['colcon_meta']
[2.937s] Level 1:colcon.colcon_core.package_identification:_identify(src/dobot_viz) by extension 'colcon_meta'
[2.952s] Level 1:colcon.colcon_core.package_identification:_identify(src/dobot_viz) by extensions ['ros']
[2.954s] Level 1:colcon.colcon_core.package_identification:_identify(src/dobot_viz) by extension 'ros'
[3.041s] DEBUG:colcon.colcon_core.package_identification:Package 'src/dobot_viz' with type 'ros.ament_python' and name 'dobot_viz'
[3.053s] Level 1:colcon.colcon_core.package_identification:_identify(src/robot_viz) by extensions ['ignore', 'ignore_ament_install']
[3.054s] Level 1:colcon.colcon_core.package_identification:_identify(src/robot_viz) by extension 'ignore'
[3.056s] Level 1:colcon.colcon_core.package_identification:_identify(src/robot_viz) by extension 'ignore_ament_install'
[3.062s] Level 1:colcon.colcon_core.package_identification:_identify(src/robot_viz) by extensions ['colcon_pkg']
[3.062s] Level 1:colcon.colcon_core.package_identification:_identify(src/robot_viz) by extension 'colcon_pkg'
[3.065s] Level 1:colcon.colcon_core.package_identification:_identify(src/robot_viz) by extensions ['colcon_meta']
[3.065s] Level 1:colcon.colcon_core.package_identification:_identify(src/robot_viz) by extension 'colcon_meta'
[3.068s] Level 1:colcon.colcon_core.package_identification:_identify(src/robot_viz) by extensions ['ros']
[3.068s] Level 1:colcon.colcon_core.package_identification:_identify(src/robot_viz) by extension 'ros'
[3.103s] DEBUG:colcon.colcon_core.package_identification:Package 'src/robot_viz' with type 'ros.ament_python' and name 'robot_viz'
[3.103s] Level 1:colcon.colcon_core.package_discovery:discover_packages(recursive) using defaults
[3.103s] Level 1:colcon.colcon_core.package_discovery:discover_packages(ignore) discover
[3.104s] Level 1:colcon.colcon_core.package_discovery:discover_packages(ignore) using defaults
[3.104s] Level 1:colcon.colcon_core.package_discovery:discover_packages(path) discover
[3.104s] Level 1:colcon.colcon_core.package_discovery:discover_packages(path) using defaults
[3.725s] Level 1:colcon.colcon_core.package_discovery:discover_packages(prefix_path) check parameters
[3.726s] Level 1:colcon.colcon_core.package_discovery:discover_packages(prefix_path) discover
[3.880s] DEBUG:colcon.colcon_installed_package_information.package_discovery:Found 2 installed packages in /mnt/d/Curtin_Colombo/year_3/sem_1/mxen3005/milestone_5_redone/mxen_ws/install
[3.883s] DEBUG:colcon.colcon_installed_package_information.package_discovery:Found 293 installed packages in /opt/ros/kilted
[3.885s] Level 1:colcon.colcon_core.package_discovery:discover_packages(prefix_path) using defaults
[4.048s] Level 5:colcon.colcon_core.verb:set package 'dobot_viz' build argument 'cmake_args' from command line to 'None'
[4.050s] Level 5:colcon.colcon_core.verb:set package 'dobot_viz' build argument 'cmake_target' from command line to 'None'
[4.053s] Level 5:colcon.colcon_core.verb:set package 'dobot_viz' build argument 'cmake_target_skip_unavailable' from command line to 'False'
[4.055s] Level 5:colcon.colcon_core.verb:set package 'dobot_viz' build argument 'cmake_clean_cache' from command line to 'False'
[4.059s] Level 5:colcon.colcon_core.verb:set package 'dobot_viz' build argument 'cmake_clean_first' from command line to 'False'
[4.061s] Level 5:colcon.colcon_core.verb:set package 'dobot_viz' build argument 'cmake_force_configure' from command line to 'False'
[4.062s] Level 5:colcon.colcon_core.verb:set package 'dobot_viz' build argument 'ament_cmake_args' from command line to 'None'
[4.064s] Level 5:colcon.colcon_core.verb:set package 'dobot_viz' build argument 'catkin_cmake_args' from command line to 'None'
[4.066s] Level 5:colcon.colcon_core.verb:set package 'dobot_viz' build argument 'catkin_skip_building_tests' from command line to 'False'
[4.070s] DEBUG:colcon.colcon_core.verb:Building package 'dobot_viz' with the following arguments: {'ament_cmake_args': None, 'build_base': '/mnt/d/Curtin_Colombo/year_3/sem_1/mxen3005/milestone_5_redone/mxen_ws/build/dobot_viz', 'catkin_cmake_args': None, 'catkin_skip_building_tests': False, 'cmake_args': None, 'cmake_clean_cache': False, 'cmake_clean_first': False, 'cmake_force_configure': False, 'cmake_target': None, 'cmake_target_skip_unavailable': False, 'install_base': '/mnt/d/Curtin_Colombo/year_3/sem_1/mxen3005/milestone_5_redone/mxen_ws/install/dobot_viz', 'merge_install': False, 'path': '/mnt/d/Curtin_Colombo/year_3/sem_1/mxen3005/milestone_5_redone/mxen_ws/src/dobot_viz', 'symlink_install': False, 'test_result_base': None}
[4.073s] Level 5:colcon.colcon_core.verb:set package 'robot_viz' build argument 'cmake_args' from command line to 'None'
[4.073s] Level 5:colcon.colcon_core.verb:set package 'robot_viz' build argument 'cmake_target' from command line to 'None'
[4.074s] Level 5:colcon.colcon_core.verb:set package 'robot_viz' build argument 'cmake_target_skip_unavailable' from command line to 'False'
[4.074s] Level 5:colcon.colcon_core.verb:set package 'robot_viz' build argument 'cmake_clean_cache' from command line to 'False'
[4.075s] Level 5:colcon.colcon_core.verb:set package 'robot_viz' build argument 'cmake_clean_first' from command line to 'False'
[4.075s] Level 5:colcon.colcon_core.verb:set package 'robot_viz' build argument 'cmake_force_configure' from command line to 'False'
[4.076s] Level 5:colcon.colcon_core.verb:set package 'robot_viz' build argument 'ament_cmake_args' from command line to 'None'
[4.076s] Level 5:colcon.colcon_core.verb:set package 'robot_viz' build argument 'catkin_cmake_args' from command line to 'None'
[4.077s] Level 5:colcon.colcon_core.verb:set package 'robot_viz' build argument 'catkin_skip_building_tests' from command line to 'False'
[4.077s] DEBUG:colcon.colcon_core.verb:Building package 'robot_viz' with the following arguments: {'ament_cmake_args': None, 'build_base': '/mnt/d/Curtin_Colombo/year_3/sem_1/mxen3005/milestone_5_redone/mxen_ws/build/robot_viz', 'catkin_cmake_args': None, 'catkin_skip_building_tests': False, 'cmake_args': None, 'cmake_clean_cache': False, 'cmake_clean_first': False, 'cmake_force_configure': False, 'cmake_target': None, 'cmake_target_skip_unavailable': False, 'install_base': '/mnt/d/Curtin_Colombo/year_3/sem_1/mxen3005/milestone_5_redone/mxen_ws/install/robot_viz', 'merge_install': False, 'path': '/mnt/d/Curtin_Colombo/year_3/sem_1/mxen3005/milestone_5_redone/mxen_ws/src/robot_viz', 'symlink_install': False, 'test_result_base': None}
[4.078s] INFO:colcon.colcon_core.executor:Executing jobs using 'parallel' executor
[4.080s] DEBUG:colcon.colcon_parallel_executor.executor.parallel:run_until_complete
[4.080s] INFO:colcon.colcon_ros.task.ament_python.build:Building ROS package in '/mnt/d/Curtin_Colombo/year_3/sem_1/mxen3005/milestone_5_redone/mxen_ws/src/dobot_viz' with build type 'ament_python'
[4.081s] Level 1:colcon.colcon_core.shell:create_environment_hook('dobot_viz', 'ament_prefix_path')
[4.112s] INFO:colcon.colcon_core.plugin_system:Skipping extension 'colcon_core.shell.bat': Not used on non-Windows systems
[4.113s] INFO:colcon.colcon_core.shell:Creating environment hook '/mnt/d/Curtin_Colombo/year_3/sem_1/mxen3005/milestone_5_redone/mxen_ws/install/dobot_viz/share/dobot_viz/hook/ament_prefix_path.ps1'
[4.156s] INFO:colcon.colcon_core.shell:Creating environment descriptor '/mnt/d/Curtin_Colombo/year_3/sem_1/mxen3005/milestone_5_redone/mxen_ws/install/dobot_viz/share/dobot_viz/hook/ament_prefix_path.dsv'
[4.284s] INFO:colcon.colcon_core.shell:Creating environment hook '/mnt/d/Curtin_Colombo/year_3/sem_1/mxen3005/milestone_5_redone/mxen_ws/install/dobot_viz/share/dobot_viz/hook/ament_prefix_path.sh'
[4.355s] INFO:colcon.colcon_core.shell:Skip shell extension 'powershell' for command environment: Not usable outside of PowerShell
[4.355s] DEBUG:colcon.colcon_core.shell:Skip shell extension 'dsv' for command environment
[4.478s] INFO:colcon.colcon_ros.task.ament_python.build:Building ROS package in '/mnt/d/Curtin_Colombo/year_3/sem_1/mxen3005/milestone_5_redone/mxen_ws/src/robot_viz' with build type 'ament_python'
[4.480s] Level 1:colcon.colcon_core.shell:create_environment_hook('robot_viz', 'ament_prefix_path')
[4.481s] INFO:colcon.colcon_core.shell:Creating environment hook '/mnt/d/Curtin_Colombo/year_3/sem_1/mxen3005/milestone_5_redone/mxen_ws/install/robot_viz/share/robot_viz/hook/ament_prefix_path.ps1'
[4.562s] INFO:colcon.colcon_core.shell:Creating environment descriptor '/mnt/d/Curtin_Colombo/year_3/sem_1/mxen3005/milestone_5_redone/mxen_ws/install/robot_viz/share/robot_viz/hook/ament_prefix_path.dsv'
[4.608s] INFO:colcon.colcon_core.shell:Creating environment hook '/mnt/d/Curtin_Colombo/year_3/sem_1/mxen3005/milestone_5_redone/mxen_ws/install/robot_viz/share/robot_viz/hook/ament_prefix_path.sh'
[4.634s] INFO:colcon.colcon_core.shell:Skip shell extension 'powershell' for command environment: Not usable outside of PowerShell
[4.636s] DEBUG:colcon.colcon_core.shell:Skip shell extension 'dsv' for command environment
[8.386s] INFO:colcon.colcon_core.task.python.build:Building Python package in '/mnt/d/Curtin_Colombo/year_3/sem_1/mxen3005/milestone_5_redone/mxen_ws/src/dobot_viz'
[8.388s] INFO:colcon.colcon_core.shell:Skip shell extension 'powershell' for command environment: Not usable outside of PowerShell
[8.389s] DEBUG:colcon.colcon_core.shell:Skip shell extension 'dsv' for command environment
[13.569s] INFO:colcon.colcon_core.task.python.build:Building Python package in '/mnt/d/Curtin_Colombo/year_3/sem_1/mxen3005/milestone_5_redone/mxen_ws/src/robot_viz'
[13.570s] INFO:colcon.colcon_core.shell:Skip shell extension 'powershell' for command environment: Not usable outside of PowerShell
[13.572s] DEBUG:colcon.colcon_core.shell:Skip shell extension 'dsv' for command environment
[24.134s] DEBUG:colcon.colcon_core.event_handler.log_command:Invoking command in '/mnt/d/Curtin_Colombo/year_3/sem_1/mxen3005/milestone_5_redone/mxen_ws/src/dobot_viz': PYTHONPATH=/mnt/d/Curtin_Colombo/year_3/sem_1/mxen3005/milestone_5_redone/mxen_ws/build/dobot_viz/prefix_override:/usr/lib/python3/dist-packages/colcon_core/task/python/colcon_distutils_commands:/mnt/d/Curtin_Colombo/year_3/sem_1/mxen3005/milestone_5_redone/mxen_ws/install/dobot_viz/lib/python3.12/site-packages:${PYTHONPATH} /usr/bin/python3 -W ignore:setup.py install is deprecated -W ignore:easy_install command is deprecated setup.py egg_info --egg-base ../../build/dobot_viz build --build-base /mnt/d/Curtin_Colombo/year_3/sem_1/mxen3005/milestone_5_redone/mxen_ws/build/dobot_viz/build install --record /mnt/d/Curtin_Colombo/year_3/sem_1/mxen3005/milestone_5_redone/mxen_ws/build/dobot_viz/install.log --single-version-externally-managed install_data
[24.308s] DEBUG:colcon.colcon_core.event_handler.log_command:Invoking command in '/mnt/d/Curtin_Colombo/year_3/sem_1/mxen3005/milestone_5_redone/mxen_ws/src/robot_viz': PYTHONPATH=/mnt/d/Curtin_Colombo/year_3/sem_1/mxen3005/milestone_5_redone/mxen_ws/build/robot_viz/prefix_override:/usr/lib/python3/dist-packages/colcon_core/task/python/colcon_distutils_commands:/mnt/d/Curtin_Colombo/year_3/sem_1/mxen3005/milestone_5_redone/mxen_ws/install/robot_viz/lib/python3.12/site-packages:${PYTHONPATH} /usr/bin/python3 -W ignore:setup.py install is deprecated -W ignore:easy_install command is deprecated setup.py egg_info --egg-base ../../build/robot_viz build --build-base /mnt/d/Curtin_Colombo/year_3/sem_1/mxen3005/milestone_5_redone/mxen_ws/build/robot_viz/build install --record /mnt/d/Curtin_Colombo/year_3/sem_1/mxen3005/milestone_5_redone/mxen_ws/build/robot_viz/install.log --single-version-externally-managed install_data
[35.794s] DEBUG:colcon.colcon_core.event_handler.log_command:Invoked command in '/mnt/d/Curtin_Colombo/year_3/sem_1/mxen3005/milestone_5_redone/mxen_ws/src/dobot_viz' returned '0': PYTHONPATH=/mnt/d/Curtin_Colombo/year_3/sem_1/mxen3005/milestone_5_redone/mxen_ws/build/dobot_viz/prefix_override:/usr/lib/python3/dist-packages/colcon_core/task/python/colcon_distutils_commands:/mnt/d/Curtin_Colombo/year_3/sem_1/mxen3005/milestone_5_redone/mxen_ws/install/dobot_viz/lib/python3.12/site-packages:${PYTHONPATH} /usr/bin/python3 -W ignore:setup.py install is deprecated -W ignore:easy_install command is deprecated setup.py egg_info --egg-base ../../build/dobot_viz build --build-base /mnt/d/Curtin_Colombo/year_3/sem_1/mxen3005/milestone_5_redone/mxen_ws/build/dobot_viz/build install --record /mnt/d/Curtin_Colombo/year_3/sem_1/mxen3005/milestone_5_redone/mxen_ws/build/dobot_viz/install.log --single-version-externally-managed install_data
[35.947s] Level 1:colcon.colcon_core.environment:checking '/mnt/d/Curtin_Colombo/year_3/sem_1/mxen3005/milestone_5_redone/mxen_ws/install/dobot_viz' for CMake module files
[36.444s] Level 1:colcon.colcon_core.environment:checking '/mnt/d/Curtin_Colombo/year_3/sem_1/mxen3005/milestone_5_redone/mxen_ws/install/dobot_viz' for CMake config files
[37.628s] Level 1:colcon.colcon_core.environment:checking '/mnt/d/Curtin_Colombo/year_3/sem_1/mxen3005/milestone_5_redone/mxen_ws/install/dobot_viz/lib'
[37.660s] Level 1:colcon.colcon_core.environment:checking '/mnt/d/Curtin_Colombo/year_3/sem_1/mxen3005/milestone_5_redone/mxen_ws/install/dobot_viz/bin'
[37.681s] Level 1:colcon.colcon_core.environment:checking '/mnt/d/Curtin_Colombo/year_3/sem_1/mxen3005/milestone_5_redone/mxen_ws/install/dobot_viz/lib/pkgconfig/dobot_viz.pc'
[37.709s] Level 1:colcon.colcon_core.environment:checking '/mnt/d/Curtin_Colombo/year_3/sem_1/mxen3005/milestone_5_redone/mxen_ws/install/dobot_viz/lib/python3.12/site-packages'
[37.734s] Level 1:colcon.colcon_core.shell:create_environment_hook('dobot_viz', 'pythonpath')
[37.736s] INFO:colcon.colcon_core.shell:Creating environment hook '/mnt/d/Curtin_Colombo/year_3/sem_1/mxen3005/milestone_5_redone/mxen_ws/install/dobot_viz/share/dobot_viz/hook/pythonpath.ps1'
[37.831s] INFO:colcon.colcon_core.shell:Creating environment descriptor '/mnt/d/Curtin_Colombo/year_3/sem_1/mxen3005/milestone_5_redone/mxen_ws/install/dobot_viz/share/dobot_viz/hook/pythonpath.dsv'
[37.990s] INFO:colcon.colcon_core.shell:Creating environment hook '/mnt/d/Curtin_Colombo/year_3/sem_1/mxen3005/milestone_5_redone/mxen_ws/install/dobot_viz/share/dobot_viz/hook/pythonpath.sh'
[38.135s] Level 1:colcon.colcon_core.environment:checking '/mnt/d/Curtin_Colombo/year_3/sem_1/mxen3005/milestone_5_redone/mxen_ws/install/dobot_viz/bin'
[38.149s] Level 1:colcon.colcon_core.environment:create_environment_scripts_only(dobot_viz)
[38.151s] INFO:colcon.colcon_core.shell:Creating package script '/mnt/d/Curtin_Colombo/year_3/sem_1/mxen3005/milestone_5_redone/mxen_ws/install/dobot_viz/share/dobot_viz/package.ps1'
[38.336s] INFO:colcon.colcon_core.shell:Creating package descriptor '/mnt/d/Curtin_Colombo/year_3/sem_1/mxen3005/milestone_5_redone/mxen_ws/install/dobot_viz/share/dobot_viz/package.dsv'
[38.394s] INFO:colcon.colcon_core.shell:Creating package script '/mnt/d/Curtin_Colombo/year_3/sem_1/mxen3005/milestone_5_redone/mxen_ws/install/dobot_viz/share/dobot_viz/package.sh'
[38.496s] INFO:colcon.colcon_core.shell:Creating package script '/mnt/d/Curtin_Colombo/year_3/sem_1/mxen3005/milestone_5_redone/mxen_ws/install/dobot_viz/share/dobot_viz/package.bash'
[38.718s] INFO:colcon.colcon_core.shell:Creating package script '/mnt/d/Curtin_Colombo/year_3/sem_1/mxen3005/milestone_5_redone/mxen_ws/install/dobot_viz/share/dobot_viz/package.zsh'
[38.903s] Level 1:colcon.colcon_core.environment:create_file_with_runtime_dependencies(/mnt/d/Curtin_Colombo/year_3/sem_1/mxen3005/milestone_5_redone/mxen_ws/install/dobot_viz/share/colcon-core/packages/dobot_viz)
[38.968s] Level 1:colcon.colcon_core.environment:checking '/mnt/d/Curtin_Colombo/year_3/sem_1/mxen3005/milestone_5_redone/mxen_ws/install/robot_viz' for CMake module files
[39.078s] DEBUG:colcon.colcon_core.event_handler.log_command:Invoked command in '/mnt/d/Curtin_Colombo/year_3/sem_1/mxen3005/milestone_5_redone/mxen_ws/src/robot_viz' returned '0': PYTHONPATH=/mnt/d/Curtin_Colombo/year_3/sem_1/mxen3005/milestone_5_redone/mxen_ws/build/robot_viz/prefix_override:/usr/lib/python3/dist-packages/colcon_core/task/python/colcon_distutils_commands:/mnt/d/Curtin_Colombo/year_3/sem_1/mxen3005/milestone_5_redone/mxen_ws/install/robot_viz/lib/python3.12/site-packages:${PYTHONPATH} /usr/bin/python3 -W ignore:setup.py install is deprecated -W ignore:easy_install command is deprecated setup.py egg_info --egg-base ../../build/robot_viz build --build-base /mnt/d/Curtin_Colombo/year_3/sem_1/mxen3005/milestone_5_redone/mxen_ws/build/robot_viz/build install --record /mnt/d/Curtin_Colombo/year_3/sem_1/mxen3005/milestone_5_redone/mxen_ws/build/robot_viz/install.log --single-version-externally-managed install_data
[39.514s] Level 1:colcon.colcon_core.environment:checking '/mnt/d/Curtin_Colombo/year_3/sem_1/mxen3005/milestone_5_redone/mxen_ws/install/robot_viz' for CMake config files
[40.377s] Level 1:colcon.colcon_core.environment:checking '/mnt/d/Curtin_Colombo/year_3/sem_1/mxen3005/milestone_5_redone/mxen_ws/install/robot_viz/lib'
[40.422s] Level 1:colcon.colcon_core.environment:checking '/mnt/d/Curtin_Colombo/year_3/sem_1/mxen3005/milestone_5_redone/mxen_ws/install/robot_viz/bin'
[40.447s] Level 1:colcon.colcon_core.environment:checking '/mnt/d/Curtin_Colombo/year_3/sem_1/mxen3005/milestone_5_redone/mxen_ws/install/robot_viz/lib/pkgconfig/robot_viz.pc'
[40.466s] Level 1:colcon.colcon_core.environment:checking '/mnt/d/Curtin_Colombo/year_3/sem_1/mxen3005/milestone_5_redone/mxen_ws/install/robot_viz/lib/python3.12/site-packages'
[40.517s] Level 1:colcon.colcon_core.shell:create_environment_hook('robot_viz', 'pythonpath')
[40.519s] INFO:colcon.colcon_core.shell:Creating environment hook '/mnt/d/Curtin_Colombo/year_3/sem_1/mxen3005/milestone_5_redone/mxen_ws/install/robot_viz/share/robot_viz/hook/pythonpath.ps1'
[40.691s] INFO:colcon.colcon_core.shell:Creating environment descriptor '/mnt/d/Curtin_Colombo/year_3/sem_1/mxen3005/milestone_5_redone/mxen_ws/install/robot_viz/share/robot_viz/hook/pythonpath.dsv'
[40.847s] INFO:colcon.colcon_core.shell:Creating environment hook '/mnt/d/Curtin_Colombo/year_3/sem_1/mxen3005/milestone_5_redone/mxen_ws/install/robot_viz/share/robot_viz/hook/pythonpath.sh'
[40.899s] Level 1:colcon.colcon_core.environment:checking '/mnt/d/Curtin_Colombo/year_3/sem_1/mxen3005/milestone_5_redone/mxen_ws/install/robot_viz/bin'
[40.906s] Level 1:colcon.colcon_core.environment:create_environment_scripts_only(robot_viz)
[40.908s] INFO:colcon.colcon_core.shell:Creating package script '/mnt/d/Curtin_Colombo/year_3/sem_1/mxen3005/milestone_5_redone/mxen_ws/install/robot_viz/share/robot_viz/package.ps1'
[40.980s] INFO:colcon.colcon_core.shell:Creating package descriptor '/mnt/d/Curtin_Colombo/year_3/sem_1/mxen3005/milestone_5_redone/mxen_ws/install/robot_viz/share/robot_viz/package.dsv'
[41.048s] INFO:colcon.colcon_core.shell:Creating package script '/mnt/d/Curtin_Colombo/year_3/sem_1/mxen3005/milestone_5_redone/mxen_ws/install/robot_viz/share/robot_viz/package.sh'
[41.126s] INFO:colcon.colcon_core.shell:Creating package script '/mnt/d/Curtin_Colombo/year_3/sem_1/mxen3005/milestone_5_redone/mxen_ws/install/robot_viz/share/robot_viz/package.bash'
[41.203s] INFO:colcon.colcon_core.shell:Creating package script '/mnt/d/Curtin_Colombo/year_3/sem_1/mxen3005/milestone_5_redone/mxen_ws/install/robot_viz/share/robot_viz/package.zsh'
[41.294s] Level 1:colcon.colcon_core.environment:create_file_with_runtime_dependencies(/mnt/d/Curtin_Colombo/year_3/sem_1/mxen3005/milestone_5_redone/mxen_ws/install/robot_viz/share/colcon-core/packages/robot_viz)
[41.364s] DEBUG:colcon.colcon_parallel_executor.executor.parallel:closing loop
[41.367s] DEBUG:colcon.colcon_parallel_executor.executor.parallel:loop closed
[41.370s] DEBUG:colcon.colcon_parallel_executor.executor.parallel:run_until_complete finished with '0'
[41.371s] DEBUG:colcon.colcon_core.event_reactor:joining thread
[42.151s] INFO:colcon.colcon_core.plugin_system:Skipping extension 'colcon_notification.desktop_notification.notify_send': Could not find 'notify-send'
[42.152s] INFO:colcon.colcon_core.plugin_system:Skipping extension 'colcon_notification.desktop_notification.terminal_notifier': Not used on non-Darwin systems
[42.154s] INFO:colcon.colcon_core.plugin_system:Skipping extension 'colcon_notification.desktop_notification.win32': Not used on non-Windows systems
[42.154s] INFO:colcon.colcon_notification.desktop_notification:Sending desktop notification using 'notify2'
[42.157s] DEBUG:colcon.colcon_notification.desktop_notification.notify2:Failed to initialize notify2: org.freedesktop.DBus.Error.ServiceUnknown: The name org.freedesktop.Notifications was not provided by any .service files
[42.158s] DEBUG:colcon.colcon_core.event_reactor:joined thread
[42.159s] INFO:colcon.colcon_core.shell:Creating prefix script '/mnt/d/Curtin_Colombo/year_3/sem_1/mxen3005/milestone_5_redone/mxen_ws/install/local_setup.ps1'
[42.175s] INFO:colcon.colcon_core.shell:Creating prefix util module '/mnt/d/Curtin_Colombo/year_3/sem_1/mxen3005/milestone_5_redone/mxen_ws/install/_local_setup_util_ps1.py'
[42.191s] INFO:colcon.colcon_core.shell:Creating prefix chain script '/mnt/d/Curtin_Colombo/year_3/sem_1/mxen3005/milestone_5_redone/mxen_ws/install/setup.ps1'
[42.371s] INFO:colcon.colcon_core.shell:Creating prefix script '/mnt/d/Curtin_Colombo/year_3/sem_1/mxen3005/milestone_5_redone/mxen_ws/install/local_setup.sh'
[42.422s] INFO:colcon.colcon_core.shell:Creating prefix util module '/mnt/d/Curtin_Colombo/year_3/sem_1/mxen3005/milestone_5_redone/mxen_ws/install/_local_setup_util_sh.py'
[42.501s] INFO:colcon.colcon_core.shell:Creating prefix chain script '/mnt/d/Curtin_Colombo/year_3/sem_1/mxen3005/milestone_5_redone/mxen_ws/install/setup.sh'
[42.724s] INFO:colcon.colcon_core.shell:Creating prefix script '/mnt/d/Curtin_Colombo/year_3/sem_1/mxen3005/milestone_5_redone/mxen_ws/install/local_setup.bash'
[42.780s] INFO:colcon.colcon_core.shell:Creating prefix chain script '/mnt/d/Curtin_Colombo/year_3/sem_1/mxen3005/milestone_5_redone/mxen_ws/install/setup.bash'
[43.423s] INFO:colcon.colcon_core.shell:Creating prefix script '/mnt/d/Curtin_Colombo/year_3/sem_1/mxen3005/milestone_5_redone/mxen_ws/install/local_setup.zsh'
[43.465s] INFO:colcon.colcon_core.shell:Creating prefix chain script '/mnt/d/Curtin_Colombo/year_3/sem_1/mxen3005/milestone_5_redone/mxen_ws/install/setup.zsh'
