[0.683s] DEBUG:colcon:Command line arguments: ['/usr/bin/colcon', 'build']
[0.683s] DEBUG:colcon:Parsed command line arguments: Namespace(log_base=None, log_level=None, verb_name='build', build_base='build', install_base='install', merge_install=False, symlink_install=False, test_result_base=None, continue_on_error=False, executor='parallel', parallel_workers=16, event_handlers=None, ignore_user_meta=False, metas=['./colcon.meta'], base_paths=['.'], packages_ignore=None, packages_ignore_regex=None, paths=None, packages_up_to=None, packages_up_to_regex=None, packages_above=None, packages_above_and_dependencies=None, packages_above_depth=None, packages_select_by_dep=None, packages_skip_by_dep=None, packages_skip_up_to=None, packages_select_build_failed=False, packages_skip_build_finished=False, packages_select_test_failures=False, packages_skip_test_passed=False, packages_select=None, packages_skip=None, packages_select_regex=None, packages_skip_regex=None, packages_start=None, packages_end=None, allow_overriding=[], cmake_args=None, cmake_target=None, cmake_target_skip_unavailable=False, cmake_clean_cache=False, cmake_clean_first=False, cmake_force_configure=False, ament_cmake_args=None, catkin_cmake_args=None, catkin_skip_building_tests=False, mixin_files=None, mixin=None, verb_parser=<colcon_mixin.mixin.mixin_argument.MixinArgumentDecorator object at 0x75d67b865820>, verb_extension=<colcon_core.verb.build.BuildVerb object at 0x75d67b8171a0>, main=<bound method BuildVerb.main of <colcon_core.verb.build.BuildVerb object at 0x75d67b8171a0>>, mixin_verb=('build',))
[0.791s] Level 1:colcon.colcon_core.package_discovery:discover_packages(colcon_meta) check parameters
[0.792s] Level 1:colcon.colcon_core.package_discovery:discover_packages(recursive) check parameters
[0.792s] Level 1:colcon.colcon_core.package_discovery:discover_packages(ignore) check parameters
[0.792s] Level 1:colcon.colcon_core.package_discovery:discover_packages(path) check parameters
[0.793s] Level 1:colcon.colcon_core.package_discovery:discover_packages(colcon_meta) discover
[0.793s] Level 1:colcon.colcon_core.package_discovery:discover_packages(recursive) discover
[0.793s] INFO:colcon.colcon_core.package_discovery:Crawling recursively for packages in '/mnt/d/Curtin_Colombo/year_3/sem_1/mxen3005/milestone_5_redone/mxen_ws'
[0.796s] Level 1:colcon.colcon_core.package_identification:_identify(.) by extensions ['ignore', 'ignore_ament_install']
[0.796s] Level 1:colcon.colcon_core.package_identification:_identify(.) by extension 'ignore'
[0.797s] Level 1:colcon.colcon_core.package_identification:_identify(.) by extension 'ignore_ament_install'
[0.798s] Level 1:colcon.colcon_core.package_identification:_identify(.) by extensions ['colcon_pkg']
[0.798s] Level 1:colcon.colcon_core.package_identification:_identify(.) by extension 'colcon_pkg'
[0.798s] Level 1:colcon.colcon_core.package_identification:_identify(.) by extensions ['colcon_meta']
[0.799s] Level 1:colcon.colcon_core.package_identification:_identify(.) by extension 'colcon_meta'
[0.799s] Level 1:colcon.colcon_core.package_identification:_identify(.) by extensions ['ros']
[0.799s] Level 1:colcon.colcon_core.package_identification:_identify(.) by extension 'ros'
[0.842s] Level 1:colcon.colcon_core.package_identification:_identify(.) by extensions ['cmake', 'python']
[0.843s] Level 1:colcon.colcon_core.package_identification:_identify(.) by extension 'cmake'
[0.843s] Level 1:colcon.colcon_core.package_identification:_identify(.) by extension 'python'
[0.844s] Level 1:colcon.colcon_core.package_identification:_identify(.) by extensions ['python_setup_py']
[0.844s] Level 1:colcon.colcon_core.package_identification:_identify(.) by extension 'python_setup_py'
[0.866s] Level 1:colcon.colcon_core.package_identification:_identify(build) by extensions ['ignore', 'ignore_ament_install']
[0.867s] Level 1:colcon.colcon_core.package_identification:_identify(build) by extension 'ignore'
[0.880s] Level 1:colcon.colcon_core.package_identification:_identify(build) ignored
[0.901s] Level 1:colcon.colcon_core.package_identification:_identify(install) by extensions ['ignore', 'ignore_ament_install']
[0.904s] Level 1:colcon.colcon_core.package_identification:_identify(install) by extension 'ignore'
[0.919s] Level 1:colcon.colcon_core.package_identification:_identify(install) ignored
[0.966s] Level 1:colcon.colcon_core.package_identification:_identify(log) by extensions ['ignore', 'ignore_ament_install']
[0.968s] Level 1:colcon.colcon_core.package_identification:_identify(log) by extension 'ignore'
[0.978s] Level 1:colcon.colcon_core.package_identification:_identify(log) ignored
[0.997s] Level 1:colcon.colcon_core.package_identification:_identify(src) by extensions ['ignore', 'ignore_ament_install']
[0.998s] Level 1:colcon.colcon_core.package_identification:_identify(src) by extension 'ignore'
[1.002s] Level 1:colcon.colcon_core.package_identification:_identify(src) by extension 'ignore_ament_install'
[1.006s] Level 1:colcon.colcon_core.package_identification:_identify(src) by extensions ['colcon_pkg']
[1.007s] Level 1:colcon.colcon_core.package_identification:_identify(src) by extension 'colcon_pkg'
[1.008s] Level 1:colcon.colcon_core.package_identification:_identify(src) by extensions ['colcon_meta']
[1.008s] Level 1:colcon.colcon_core.package_identification:_identify(src) by extension 'colcon_meta'
[1.009s] Level 1:colcon.colcon_core.package_identification:_identify(src) by extensions ['ros']
[1.010s] Level 1:colcon.colcon_core.package_identification:_identify(src) by extension 'ros'
[1.025s] Level 1:colcon.colcon_core.package_identification:_identify(src) by extensions ['cmake', 'python']
[1.026s] Level 1:colcon.colcon_core.package_identification:_identify(src) by extension 'cmake'
[1.029s] Level 1:colcon.colcon_core.package_identification:_identify(src) by extension 'python'
[1.030s] Level 1:colcon.colcon_core.package_identification:_identify(src) by extensions ['python_setup_py']
[1.030s] Level 1:colcon.colcon_core.package_identification:_identify(src) by extension 'python_setup_py'
[1.043s] Level 1:colcon.colcon_core.package_identification:_identify(src/robot_viz) by extensions ['ignore', 'ignore_ament_install']
[1.044s] Level 1:colcon.colcon_core.package_identification:_identify(src/robot_viz) by extension 'ignore'
[1.050s] Level 1:colcon.colcon_core.package_identification:_identify(src/robot_viz) by extension 'ignore_ament_install'
[1.060s] Level 1:colcon.colcon_core.package_identification:_identify(src/robot_viz) by extensions ['colcon_pkg']
[1.060s] Level 1:colcon.colcon_core.package_identification:_identify(src/robot_viz) by extension 'colcon_pkg'
[1.065s] Level 1:colcon.colcon_core.package_identification:_identify(src/robot_viz) by extensions ['colcon_meta']
[1.066s] Level 1:colcon.colcon_core.package_identification:_identify(src/robot_viz) by extension 'colcon_meta'
[1.075s] Level 1:colcon.colcon_core.package_identification:_identify(src/robot_viz) by extensions ['ros']
[1.078s] Level 1:colcon.colcon_core.package_identification:_identify(src/robot_viz) by extension 'ros'
[1.232s] DEBUG:colcon.colcon_core.package_identification:Package 'src/robot_viz' with type 'ros.ament_python' and name 'robot_viz'
[1.234s] Level 1:colcon.colcon_core.package_discovery:discover_packages(recursive) using defaults
[1.235s] Level 1:colcon.colcon_core.package_discovery:discover_packages(ignore) discover
[1.236s] Level 1:colcon.colcon_core.package_discovery:discover_packages(ignore) using defaults
[1.237s] Level 1:colcon.colcon_core.package_discovery:discover_packages(path) discover
[1.238s] Level 1:colcon.colcon_core.package_discovery:discover_packages(path) using defaults
[1.370s] Level 1:colcon.colcon_core.package_discovery:discover_packages(prefix_path) check parameters
[1.371s] Level 1:colcon.colcon_core.package_discovery:discover_packages(prefix_path) discover
[1.579s] DEBUG:colcon.colcon_installed_package_information.package_discovery:Found 1 installed packages in /mnt/d/Curtin_Colombo/year_3/sem_1/mxen3005/milestone_5_redone/mxen_ws/install
[1.589s] DEBUG:colcon.colcon_installed_package_information.package_discovery:Found 293 installed packages in /opt/ros/kilted
[1.593s] Level 1:colcon.colcon_core.package_discovery:discover_packages(prefix_path) using defaults
[1.755s] Level 5:colcon.colcon_core.verb:set package 'robot_viz' build argument 'cmake_args' from command line to 'None'
[1.756s] Level 5:colcon.colcon_core.verb:set package 'robot_viz' build argument 'cmake_target' from command line to 'None'
[1.756s] Level 5:colcon.colcon_core.verb:set package 'robot_viz' build argument 'cmake_target_skip_unavailable' from command line to 'False'
[1.757s] Level 5:colcon.colcon_core.verb:set package 'robot_viz' build argument 'cmake_clean_cache' from command line to 'False'
[1.757s] Level 5:colcon.colcon_core.verb:set package 'robot_viz' build argument 'cmake_clean_first' from command line to 'False'
[1.758s] Level 5:colcon.colcon_core.verb:set package 'robot_viz' build argument 'cmake_force_configure' from command line to 'False'
[1.758s] Level 5:colcon.colcon_core.verb:set package 'robot_viz' build argument 'ament_cmake_args' from command line to 'None'
[1.759s] Level 5:colcon.colcon_core.verb:set package 'robot_viz' build argument 'catkin_cmake_args' from command line to 'None'
[1.759s] Level 5:colcon.colcon_core.verb:set package 'robot_viz' build argument 'catkin_skip_building_tests' from command line to 'False'
[1.760s] DEBUG:colcon.colcon_core.verb:Building package 'robot_viz' with the following arguments: {'ament_cmake_args': None, 'build_base': '/mnt/d/Curtin_Colombo/year_3/sem_1/mxen3005/milestone_5_redone/mxen_ws/build/robot_viz', 'catkin_cmake_args': None, 'catkin_skip_building_tests': False, 'cmake_args': None, 'cmake_clean_cache': False, 'cmake_clean_first': False, 'cmake_force_configure': False, 'cmake_target': None, 'cmake_target_skip_unavailable': False, 'install_base': '/mnt/d/Curtin_Colombo/year_3/sem_1/mxen3005/milestone_5_redone/mxen_ws/install/robot_viz', 'merge_install': False, 'path': '/mnt/d/Curtin_Colombo/year_3/sem_1/mxen3005/milestone_5_redone/mxen_ws/src/robot_viz', 'symlink_install': False, 'test_result_base': None}
[1.760s] INFO:colcon.colcon_core.executor:Executing jobs using 'parallel' executor
[1.762s] DEBUG:colcon.colcon_parallel_executor.executor.parallel:run_until_complete
[1.762s] INFO:colcon.colcon_ros.task.ament_python.build:Building ROS package in '/mnt/d/Curtin_Colombo/year_3/sem_1/mxen3005/milestone_5_redone/mxen_ws/src/robot_viz' with build type 'ament_python'
[1.763s] Level 1:colcon.colcon_core.shell:create_environment_hook('robot_viz', 'ament_prefix_path')
[1.784s] INFO:colcon.colcon_core.plugin_system:Skipping extension 'colcon_core.shell.bat': Not used on non-Windows systems
[1.785s] INFO:colcon.colcon_core.shell:Creating environment hook '/mnt/d/Curtin_Colombo/year_3/sem_1/mxen3005/milestone_5_redone/mxen_ws/install/robot_viz/share/robot_viz/hook/ament_prefix_path.ps1'
[1.843s] INFO:colcon.colcon_core.shell:Creating environment descriptor '/mnt/d/Curtin_Colombo/year_3/sem_1/mxen3005/milestone_5_redone/mxen_ws/install/robot_viz/share/robot_viz/hook/ament_prefix_path.dsv'
[1.972s] INFO:colcon.colcon_core.shell:Creating environment hook '/mnt/d/Curtin_Colombo/year_3/sem_1/mxen3005/milestone_5_redone/mxen_ws/install/robot_viz/share/robot_viz/hook/ament_prefix_path.sh'
[2.063s] INFO:colcon.colcon_core.shell:Skip shell extension 'powershell' for command environment: Not usable outside of PowerShell
[2.063s] DEBUG:colcon.colcon_core.shell:Skip shell extension 'dsv' for command environment
[4.467s] INFO:colcon.colcon_core.task.python.build:Building Python package in '/mnt/d/Curtin_Colombo/year_3/sem_1/mxen3005/milestone_5_redone/mxen_ws/src/robot_viz'
[4.468s] INFO:colcon.colcon_core.shell:Skip shell extension 'powershell' for command environment: Not usable outside of PowerShell
[4.468s] DEBUG:colcon.colcon_core.shell:Skip shell extension 'dsv' for command environment
[10.409s] DEBUG:colcon.colcon_core.event_handler.log_command:Invoking command in '/mnt/d/Curtin_Colombo/year_3/sem_1/mxen3005/milestone_5_redone/mxen_ws/src/robot_viz': PYTHONPATH=/mnt/d/Curtin_Colombo/year_3/sem_1/mxen3005/milestone_5_redone/mxen_ws/build/robot_viz/prefix_override:/usr/lib/python3/dist-packages/colcon_core/task/python/colcon_distutils_commands:/mnt/d/Curtin_Colombo/year_3/sem_1/mxen3005/milestone_5_redone/mxen_ws/install/robot_viz/lib/python3.12/site-packages:${PYTHONPATH} /usr/bin/python3 -W ignore:setup.py install is deprecated -W ignore:easy_install command is deprecated setup.py egg_info --egg-base ../../build/robot_viz build --build-base /mnt/d/Curtin_Colombo/year_3/sem_1/mxen3005/milestone_5_redone/mxen_ws/build/robot_viz/build install --record /mnt/d/Curtin_Colombo/year_3/sem_1/mxen3005/milestone_5_redone/mxen_ws/build/robot_viz/install.log --single-version-externally-managed install_data
[21.102s] DEBUG:colcon.colcon_core.event_handler.log_command:Invoked command in '/mnt/d/Curtin_Colombo/year_3/sem_1/mxen3005/milestone_5_redone/mxen_ws/src/robot_viz' returned '0': PYTHONPATH=/mnt/d/Curtin_Colombo/year_3/sem_1/mxen3005/milestone_5_redone/mxen_ws/build/robot_viz/prefix_override:/usr/lib/python3/dist-packages/colcon_core/task/python/colcon_distutils_commands:/mnt/d/Curtin_Colombo/year_3/sem_1/mxen3005/milestone_5_redone/mxen_ws/install/robot_viz/lib/python3.12/site-packages:${PYTHONPATH} /usr/bin/python3 -W ignore:setup.py install is deprecated -W ignore:easy_install command is deprecated setup.py egg_info --egg-base ../../build/robot_viz build --build-base /mnt/d/Curtin_Colombo/year_3/sem_1/mxen3005/milestone_5_redone/mxen_ws/build/robot_viz/build install --record /mnt/d/Curtin_Colombo/year_3/sem_1/mxen3005/milestone_5_redone/mxen_ws/build/robot_viz/install.log --single-version-externally-managed install_data
[21.204s] Level 1:colcon.colcon_core.environment:checking '/mnt/d/Curtin_Colombo/year_3/sem_1/mxen3005/milestone_5_redone/mxen_ws/install/robot_viz' for CMake module files
[21.588s] Level 1:colcon.colcon_core.environment:checking '/mnt/d/Curtin_Colombo/year_3/sem_1/mxen3005/milestone_5_redone/mxen_ws/install/robot_viz' for CMake config files
[22.300s] Level 1:colcon.colcon_core.environment:checking '/mnt/d/Curtin_Colombo/year_3/sem_1/mxen3005/milestone_5_redone/mxen_ws/install/robot_viz/lib'
[22.327s] Level 1:colcon.colcon_core.environment:checking '/mnt/d/Curtin_Colombo/year_3/sem_1/mxen3005/milestone_5_redone/mxen_ws/install/robot_viz/bin'
[22.345s] Level 1:colcon.colcon_core.environment:checking '/mnt/d/Curtin_Colombo/year_3/sem_1/mxen3005/milestone_5_redone/mxen_ws/install/robot_viz/lib/pkgconfig/robot_viz.pc'
[22.380s] Level 1:colcon.colcon_core.environment:checking '/mnt/d/Curtin_Colombo/year_3/sem_1/mxen3005/milestone_5_redone/mxen_ws/install/robot_viz/lib/python3.12/site-packages'
[22.411s] Level 1:colcon.colcon_core.shell:create_environment_hook('robot_viz', 'pythonpath')
[22.413s] INFO:colcon.colcon_core.shell:Creating environment hook '/mnt/d/Curtin_Colombo/year_3/sem_1/mxen3005/milestone_5_redone/mxen_ws/install/robot_viz/share/robot_viz/hook/pythonpath.ps1'
[22.456s] INFO:colcon.colcon_core.shell:Creating environment descriptor '/mnt/d/Curtin_Colombo/year_3/sem_1/mxen3005/milestone_5_redone/mxen_ws/install/robot_viz/share/robot_viz/hook/pythonpath.dsv'
[22.478s] INFO:colcon.colcon_core.shell:Creating environment hook '/mnt/d/Curtin_Colombo/year_3/sem_1/mxen3005/milestone_5_redone/mxen_ws/install/robot_viz/share/robot_viz/hook/pythonpath.sh'
[22.614s] Level 1:colcon.colcon_core.environment:checking '/mnt/d/Curtin_Colombo/year_3/sem_1/mxen3005/milestone_5_redone/mxen_ws/install/robot_viz/bin'
[22.624s] Level 1:colcon.colcon_core.environment:create_environment_scripts_only(robot_viz)
[22.625s] INFO:colcon.colcon_core.shell:Creating package script '/mnt/d/Curtin_Colombo/year_3/sem_1/mxen3005/milestone_5_redone/mxen_ws/install/robot_viz/share/robot_viz/package.ps1'
[22.708s] INFO:colcon.colcon_core.shell:Creating package descriptor '/mnt/d/Curtin_Colombo/year_3/sem_1/mxen3005/milestone_5_redone/mxen_ws/install/robot_viz/share/robot_viz/package.dsv'
[22.872s] INFO:colcon.colcon_core.shell:Creating package script '/mnt/d/Curtin_Colombo/year_3/sem_1/mxen3005/milestone_5_redone/mxen_ws/install/robot_viz/share/robot_viz/package.sh'
[23.014s] INFO:colcon.colcon_core.shell:Creating package script '/mnt/d/Curtin_Colombo/year_3/sem_1/mxen3005/milestone_5_redone/mxen_ws/install/robot_viz/share/robot_viz/package.bash'
[23.083s] INFO:colcon.colcon_core.shell:Creating package script '/mnt/d/Curtin_Colombo/year_3/sem_1/mxen3005/milestone_5_redone/mxen_ws/install/robot_viz/share/robot_viz/package.zsh'
[23.175s] Level 1:colcon.colcon_core.environment:create_file_with_runtime_dependencies(/mnt/d/Curtin_Colombo/year_3/sem_1/mxen3005/milestone_5_redone/mxen_ws/install/robot_viz/share/colcon-core/packages/robot_viz)
[23.207s] DEBUG:colcon.colcon_parallel_executor.executor.parallel:closing loop
[23.208s] DEBUG:colcon.colcon_parallel_executor.executor.parallel:loop closed
[23.209s] DEBUG:colcon.colcon_parallel_executor.executor.parallel:run_until_complete finished with '0'
[23.209s] DEBUG:colcon.colcon_core.event_reactor:joining thread
[23.671s] INFO:colcon.colcon_core.plugin_system:Skipping extension 'colcon_notification.desktop_notification.notify_send': Could not find 'notify-send'
[23.673s] INFO:colcon.colcon_core.plugin_system:Skipping extension 'colcon_notification.desktop_notification.terminal_notifier': Not used on non-Darwin systems
[23.674s] INFO:colcon.colcon_core.plugin_system:Skipping extension 'colcon_notification.desktop_notification.win32': Not used on non-Windows systems
[23.674s] INFO:colcon.colcon_notification.desktop_notification:Sending desktop notification using 'notify2'
[23.677s] DEBUG:colcon.colcon_notification.desktop_notification.notify2:Failed to initialize notify2: org.freedesktop.DBus.Error.ServiceUnknown: The name org.freedesktop.Notifications was not provided by any .service files
[23.677s] DEBUG:colcon.colcon_core.event_reactor:joined thread
[23.678s] INFO:colcon.colcon_core.shell:Creating prefix script '/mnt/d/Curtin_Colombo/year_3/sem_1/mxen3005/milestone_5_redone/mxen_ws/install/local_setup.ps1'
[23.696s] INFO:colcon.colcon_core.shell:Creating prefix util module '/mnt/d/Curtin_Colombo/year_3/sem_1/mxen3005/milestone_5_redone/mxen_ws/install/_local_setup_util_ps1.py'
[23.724s] INFO:colcon.colcon_core.shell:Creating prefix chain script '/mnt/d/Curtin_Colombo/year_3/sem_1/mxen3005/milestone_5_redone/mxen_ws/install/setup.ps1'
[23.830s] INFO:colcon.colcon_core.shell:Creating prefix script '/mnt/d/Curtin_Colombo/year_3/sem_1/mxen3005/milestone_5_redone/mxen_ws/install/local_setup.sh'
[23.894s] INFO:colcon.colcon_core.shell:Creating prefix util module '/mnt/d/Curtin_Colombo/year_3/sem_1/mxen3005/milestone_5_redone/mxen_ws/install/_local_setup_util_sh.py'
[23.953s] INFO:colcon.colcon_core.shell:Creating prefix chain script '/mnt/d/Curtin_Colombo/year_3/sem_1/mxen3005/milestone_5_redone/mxen_ws/install/setup.sh'
[24.093s] INFO:colcon.colcon_core.shell:Creating prefix script '/mnt/d/Curtin_Colombo/year_3/sem_1/mxen3005/milestone_5_redone/mxen_ws/install/local_setup.bash'
[24.119s] INFO:colcon.colcon_core.shell:Creating prefix chain script '/mnt/d/Curtin_Colombo/year_3/sem_1/mxen3005/milestone_5_redone/mxen_ws/install/setup.bash'
[24.232s] INFO:colcon.colcon_core.shell:Creating prefix script '/mnt/d/Curtin_Colombo/year_3/sem_1/mxen3005/milestone_5_redone/mxen_ws/install/local_setup.zsh'
[24.296s] INFO:colcon.colcon_core.shell:Creating prefix chain script '/mnt/d/Curtin_Colombo/year_3/sem_1/mxen3005/milestone_5_redone/mxen_ws/install/setup.zsh'
