[17.978s] Invoking command in '/mnt/d/Curtin_Colombo/year_3/sem_1/mxen3005/milestone_5_redone/mxen_ws/src/dobot_viz': PYTHONPATH=/mnt/d/Curtin_Colombo/year_3/sem_1/mxen3005/milestone_5_redone/mxen_ws/build/dobot_viz/prefix_override:/usr/lib/python3/dist-packages/colcon_core/task/python/colcon_distutils_commands:/mnt/d/Curtin_Colombo/year_3/sem_1/mxen3005/milestone_5_redone/mxen_ws/install/dobot_viz/lib/python3.12/site-packages:${PYTHONPATH} /usr/bin/python3 -W ignore:setup.py install is deprecated -W ignore:easy_install command is deprecated setup.py egg_info --egg-base ../../build/dobot_viz build --build-base /mnt/d/Curtin_Colombo/year_3/sem_1/mxen3005/milestone_5_redone/mxen_ws/build/dobot_viz/build install --record /mnt/d/Curtin_Colombo/year_3/sem_1/mxen3005/milestone_5_redone/mxen_ws/build/dobot_viz/install.log --single-version-externally-managed install_data
[25.877s] running egg_info
[26.070s] writing ../../build/dobot_viz/dobot_viz.egg-info/PKG-INFO
[26.161s] writing dependency_links to ../../build/dobot_viz/dobot_viz.egg-info/dependency_links.txt
[26.305s] writing requirements to ../../build/dobot_viz/dobot_viz.egg-info/requires.txt
[26.352s] writing top-level names to ../../build/dobot_viz/dobot_viz.egg-info/top_level.txt
[27.218s] reading manifest file '../../build/dobot_viz/dobot_viz.egg-info/SOURCES.txt'
[27.878s] adding license file 'LICENSE'
[28.314s] writing manifest file '../../build/dobot_viz/dobot_viz.egg-info/SOURCES.txt'
[28.353s] running build
[28.362s] running build_py
[28.992s] running install
[29.092s] running install_lib
[30.208s] running install_data
[30.784s] copying launch/dobot_twin_viz_launch.xml -> /mnt/d/Curtin_Colombo/year_3/sem_1/mxen3005/milestone_5_redone/mxen_ws/install/dobot_viz/share/dobot_viz/launch
[31.368s] running install_egg_info
[31.717s] removing '/mnt/d/Curtin_Colombo/year_3/sem_1/mxen3005/milestone_5_redone/mxen_ws/install/dobot_viz/lib/python3.12/site-packages/dobot_viz-0.0.0-py3.12.egg-info' (and everything under it)
[32.363s] Copying ../../build/dobot_viz/dobot_viz.egg-info to /mnt/d/Curtin_Colombo/year_3/sem_1/mxen3005/milestone_5_redone/mxen_ws/install/dobot_viz/lib/python3.12/site-packages/dobot_viz-0.0.0-py3.12.egg-info
[35.008s] running install_scripts
[36.990s] writing list of installed files to '/mnt/d/Curtin_Colombo/year_3/sem_1/mxen3005/milestone_5_redone/mxen_ws/build/dobot_viz/install.log'
[37.182s] Invoked command in '/mnt/d/Curtin_Colombo/year_3/sem_1/mxen3005/milestone_5_redone/mxen_ws/src/dobot_viz' returned '0': PYTHONPATH=/mnt/d/Curtin_Colombo/year_3/sem_1/mxen3005/milestone_5_redone/mxen_ws/build/dobot_viz/prefix_override:/usr/lib/python3/dist-packages/colcon_core/task/python/colcon_distutils_commands:/mnt/d/Curtin_Colombo/year_3/sem_1/mxen3005/milestone_5_redone/mxen_ws/install/dobot_viz/lib/python3.12/site-packages:${PYTHONPATH} /usr/bin/python3 -W ignore:setup.py install is deprecated -W ignore:easy_install command is deprecated setup.py egg_info --egg-base ../../build/dobot_viz build --build-base /mnt/d/Curtin_Colombo/year_3/sem_1/mxen3005/milestone_5_redone/mxen_ws/build/dobot_viz/build install --record /mnt/d/Curtin_Colombo/year_3/sem_1/mxen3005/milestone_5_redone/mxen_ws/build/dobot_viz/install.log --single-version-externally-managed install_data
