[2.267s] DEBUG:colcon:Command line arguments: ['/usr/bin/colcon', 'build']
[2.268s] DEBUG:colcon:Parsed command line arguments: Namespace(log_base=None, log_level=None, verb_name='build', build_base='build', install_base='install', merge_install=False, symlink_install=False, test_result_base=None, continue_on_error=False, executor='parallel', parallel_workers=16, event_handlers=None, ignore_user_meta=False, metas=['./colcon.meta'], base_paths=['.'], packages_ignore=None, packages_ignore_regex=None, paths=None, packages_up_to=None, packages_up_to_regex=None, packages_above=None, packages_above_and_dependencies=None, packages_above_depth=None, packages_select_by_dep=None, packages_skip_by_dep=None, packages_skip_up_to=None, packages_select_build_failed=False, packages_skip_build_finished=False, packages_select_test_failures=False, packages_skip_test_passed=False, packages_select=None, packages_skip=None, packages_select_regex=None, packages_skip_regex=None, packages_start=None, packages_end=None, allow_overriding=[], cmake_args=None, cmake_target=None, cmake_target_skip_unavailable=False, cmake_clean_cache=False, cmake_clean_first=False, cmake_force_configure=False, ament_cmake_args=None, catkin_cmake_args=None, catkin_skip_building_tests=False, mixin_files=None, mixin=None, verb_parser=<colcon_mixin.mixin.mixin_argument.MixinArgumentDecorator object at 0x7485dd76da60>, verb_extension=<colcon_core.verb.build.BuildVerb object at 0x7485dd8ce4b0>, main=<bound method BuildVerb.main of <colcon_core.verb.build.BuildVerb object at 0x7485dd8ce4b0>>, mixin_verb=('build',))
[2.512s] Level 1:colcon.colcon_core.package_discovery:discover_packages(colcon_meta) check parameters
[2.515s] Level 1:colcon.colcon_core.package_discovery:discover_packages(recursive) check parameters
[2.517s] Level 1:colcon.colcon_core.package_discovery:discover_packages(ignore) check parameters
[2.519s] Level 1:colcon.colcon_core.package_discovery:discover_packages(path) check parameters
[2.521s] Level 1:colcon.colcon_core.package_discovery:discover_packages(colcon_meta) discover
[2.522s] Level 1:colcon.colcon_core.package_discovery:discover_packages(recursive) discover
[2.524s] INFO:colcon.colcon_core.package_discovery:Crawling recursively for packages in '/mnt/d/Curtin_Colombo/year_3/sem_1/mxen3005/milestone_5_redone/mxen_ws'
[2.534s] Level 1:colcon.colcon_core.package_identification:_identify(.) by extensions ['ignore', 'ignore_ament_install']
[2.534s] Level 1:colcon.colcon_core.package_identification:_identify(.) by extension 'ignore'
[2.536s] Level 1:colcon.colcon_core.package_identification:_identify(.) by extension 'ignore_ament_install'
[2.539s] Level 1:colcon.colcon_core.package_identification:_identify(.) by extensions ['colcon_pkg']
[2.540s] Level 1:colcon.colcon_core.package_identification:_identify(.) by extension 'colcon_pkg'
[2.542s] Level 1:colcon.colcon_core.package_identification:_identify(.) by extensions ['colcon_meta']
[2.542s] Level 1:colcon.colcon_core.package_identification:_identify(.) by extension 'colcon_meta'
[2.543s] Level 1:colcon.colcon_core.package_identification:_identify(.) by extensions ['ros']
[2.544s] Level 1:colcon.colcon_core.package_identification:_identify(.) by extension 'ros'
[2.707s] Level 1:colcon.colcon_core.package_identification:_identify(.) by extensions ['cmake', 'python']
[2.708s] Level 1:colcon.colcon_core.package_identification:_identify(.) by extension 'cmake'
[2.714s] Level 1:colcon.colcon_core.package_identification:_identify(.) by extension 'python'
[2.722s] Level 1:colcon.colcon_core.package_identification:_identify(.) by extensions ['python_setup_py']
[2.724s] Level 1:colcon.colcon_core.package_identification:_identify(.) by extension 'python_setup_py'
[2.738s] Level 1:colcon.colcon_core.package_identification:_identify(build) by extensions ['ignore', 'ignore_ament_install']
[2.740s] Level 1:colcon.colcon_core.package_identification:_identify(build) by extension 'ignore'
[2.744s] Level 1:colcon.colcon_core.package_identification:_identify(build) ignored
[2.751s] Level 1:colcon.colcon_core.package_identification:_identify(install) by extensions ['ignore', 'ignore_ament_install']
[2.751s] Level 1:colcon.colcon_core.package_identification:_identify(install) by extension 'ignore'
[2.758s] Level 1:colcon.colcon_core.package_identification:_identify(install) ignored
[2.799s] Level 1:colcon.colcon_core.package_identification:_identify(log) by extensions ['ignore', 'ignore_ament_install']
[2.801s] Level 1:colcon.colcon_core.package_identification:_identify(log) by extension 'ignore'
[2.807s] Level 1:colcon.colcon_core.package_identification:_identify(log) ignored
[2.816s] Level 1:colcon.colcon_core.package_identification:_identify(src) by extensions ['ignore', 'ignore_ament_install']
[2.817s] Level 1:colcon.colcon_core.package_identification:_identify(src) by extension 'ignore'
[2.820s] Level 1:colcon.colcon_core.package_identification:_identify(src) by extension 'ignore_ament_install'
[2.823s] Level 1:colcon.colcon_core.package_identification:_identify(src) by extensions ['colcon_pkg']
[2.825s] Level 1:colcon.colcon_core.package_identification:_identify(src) by extension 'colcon_pkg'
[2.827s] Level 1:colcon.colcon_core.package_identification:_identify(src) by extensions ['colcon_meta']
[2.828s] Level 1:colcon.colcon_core.package_identification:_identify(src) by extension 'colcon_meta'
[2.829s] Level 1:colcon.colcon_core.package_identification:_identify(src) by extensions ['ros']
[2.830s] Level 1:colcon.colcon_core.package_identification:_identify(src) by extension 'ros'
[2.836s] Level 1:colcon.colcon_core.package_identification:_identify(src) by extensions ['cmake', 'python']
[2.837s] Level 1:colcon.colcon_core.package_identification:_identify(src) by extension 'cmake'
[2.841s] Level 1:colcon.colcon_core.package_identification:_identify(src) by extension 'python'
[2.843s] Level 1:colcon.colcon_core.package_identification:_identify(src) by extensions ['python_setup_py']
[2.844s] Level 1:colcon.colcon_core.package_identification:_identify(src) by extension 'python_setup_py'
[2.858s] Level 1:colcon.colcon_core.package_identification:_identify(src/dobot_viz) by extensions ['ignore', 'ignore_ament_install']
[2.864s] Level 1:colcon.colcon_core.package_identification:_identify(src/dobot_viz) by extension 'ignore'
[2.877s] Level 1:colcon.colcon_core.package_identification:_identify(src/dobot_viz) by extension 'ignore_ament_install'
[2.891s] Level 1:colcon.colcon_core.package_identification:_identify(src/dobot_viz) by extensions ['colcon_pkg']
[2.891s] Level 1:colcon.colcon_core.package_identification:_identify(src/dobot_viz) by extension 'colcon_pkg'
[2.898s] Level 1:colcon.colcon_core.package_identification:_identify(src/dobot_viz) by extensions ['colcon_meta']
[2.898s] Level 1:colcon.colcon_core.package_identification:_identify(src/dobot_viz) by extension 'colcon_meta'
[2.908s] Level 1:colcon.colcon_core.package_identification:_identify(src/dobot_viz) by extensions ['ros']
[2.911s] Level 1:colcon.colcon_core.package_identification:_identify(src/dobot_viz) by extension 'ros'
[2.987s] DEBUG:colcon.colcon_core.package_identification:Package 'src/dobot_viz' with type 'ros.ament_python' and name 'dobot_viz'
[3.028s] Level 1:colcon.colcon_core.package_identification:_identify(src/robot_viz) by extensions ['ignore', 'ignore_ament_install']
[3.029s] Level 1:colcon.colcon_core.package_identification:_identify(src/robot_viz) by extension 'ignore'
[3.043s] Level 1:colcon.colcon_core.package_identification:_identify(src/robot_viz) by extension 'ignore_ament_install'
[3.075s] Level 1:colcon.colcon_core.package_identification:_identify(src/robot_viz) by extensions ['colcon_pkg']
[3.076s] Level 1:colcon.colcon_core.package_identification:_identify(src/robot_viz) by extension 'colcon_pkg'
[3.086s] Level 1:colcon.colcon_core.package_identification:_identify(src/robot_viz) by extensions ['colcon_meta']
[3.099s] Level 1:colcon.colcon_core.package_identification:_identify(src/robot_viz) by extension 'colcon_meta'
[3.113s] Level 1:colcon.colcon_core.package_identification:_identify(src/robot_viz) by extensions ['ros']
[3.116s] Level 1:colcon.colcon_core.package_identification:_identify(src/robot_viz) by extension 'ros'
[3.217s] DEBUG:colcon.colcon_core.package_identification:Package 'src/robot_viz' with type 'ros.ament_python' and name 'robot_viz'
[3.222s] Level 1:colcon.colcon_core.package_discovery:discover_packages(recursive) using defaults
[3.223s] Level 1:colcon.colcon_core.package_discovery:discover_packages(ignore) discover
[3.225s] Level 1:colcon.colcon_core.package_discovery:discover_packages(ignore) using defaults
[3.226s] Level 1:colcon.colcon_core.package_discovery:discover_packages(path) discover
[3.230s] Level 1:colcon.colcon_core.package_discovery:discover_packages(path) using defaults
[3.775s] Level 1:colcon.colcon_core.package_discovery:discover_packages(prefix_path) check parameters
[3.776s] Level 1:colcon.colcon_core.package_discovery:discover_packages(prefix_path) discover
[4.135s] DEBUG:colcon.colcon_installed_package_information.package_discovery:Found 1 installed packages in /mnt/d/Curtin_Colombo/year_3/sem_1/mxen3005/milestone_5_redone/mxen_ws/install
[4.142s] DEBUG:colcon.colcon_installed_package_information.package_discovery:Found 293 installed packages in /opt/ros/kilted
[4.146s] Level 1:colcon.colcon_core.package_discovery:discover_packages(prefix_path) using defaults
[4.385s] Level 5:colcon.colcon_core.verb:set package 'dobot_viz' build argument 'cmake_args' from command line to 'None'
[4.386s] Level 5:colcon.colcon_core.verb:set package 'dobot_viz' build argument 'cmake_target' from command line to 'None'
[4.387s] Level 5:colcon.colcon_core.verb:set package 'dobot_viz' build argument 'cmake_target_skip_unavailable' from command line to 'False'
[4.388s] Level 5:colcon.colcon_core.verb:set package 'dobot_viz' build argument 'cmake_clean_cache' from command line to 'False'
[4.389s] Level 5:colcon.colcon_core.verb:set package 'dobot_viz' build argument 'cmake_clean_first' from command line to 'False'
[4.390s] Level 5:colcon.colcon_core.verb:set package 'dobot_viz' build argument 'cmake_force_configure' from command line to 'False'
[4.391s] Level 5:colcon.colcon_core.verb:set package 'dobot_viz' build argument 'ament_cmake_args' from command line to 'None'
[4.391s] Level 5:colcon.colcon_core.verb:set package 'dobot_viz' build argument 'catkin_cmake_args' from command line to 'None'
[4.392s] Level 5:colcon.colcon_core.verb:set package 'dobot_viz' build argument 'catkin_skip_building_tests' from command line to 'False'
[4.392s] DEBUG:colcon.colcon_core.verb:Building package 'dobot_viz' with the following arguments: {'ament_cmake_args': None, 'build_base': '/mnt/d/Curtin_Colombo/year_3/sem_1/mxen3005/milestone_5_redone/mxen_ws/build/dobot_viz', 'catkin_cmake_args': None, 'catkin_skip_building_tests': False, 'cmake_args': None, 'cmake_clean_cache': False, 'cmake_clean_first': False, 'cmake_force_configure': False, 'cmake_target': None, 'cmake_target_skip_unavailable': False, 'install_base': '/mnt/d/Curtin_Colombo/year_3/sem_1/mxen3005/milestone_5_redone/mxen_ws/install/dobot_viz', 'merge_install': False, 'path': '/mnt/d/Curtin_Colombo/year_3/sem_1/mxen3005/milestone_5_redone/mxen_ws/src/dobot_viz', 'symlink_install': False, 'test_result_base': None}
[4.395s] Level 5:colcon.colcon_core.verb:set package 'robot_viz' build argument 'cmake_args' from command line to 'None'
[4.396s] Level 5:colcon.colcon_core.verb:set package 'robot_viz' build argument 'cmake_target' from command line to 'None'
[4.411s] Level 5:colcon.colcon_core.verb:set package 'robot_viz' build argument 'cmake_target_skip_unavailable' from command line to 'False'
[4.412s] Level 5:colcon.colcon_core.verb:set package 'robot_viz' build argument 'cmake_clean_cache' from command line to 'False'
[4.412s] Level 5:colcon.colcon_core.verb:set package 'robot_viz' build argument 'cmake_clean_first' from command line to 'False'
[4.413s] Level 5:colcon.colcon_core.verb:set package 'robot_viz' build argument 'cmake_force_configure' from command line to 'False'
[4.414s] Level 5:colcon.colcon_core.verb:set package 'robot_viz' build argument 'ament_cmake_args' from command line to 'None'
[4.414s] Level 5:colcon.colcon_core.verb:set package 'robot_viz' build argument 'catkin_cmake_args' from command line to 'None'
[4.415s] Level 5:colcon.colcon_core.verb:set package 'robot_viz' build argument 'catkin_skip_building_tests' from command line to 'False'
[4.415s] DEBUG:colcon.colcon_core.verb:Building package 'robot_viz' with the following arguments: {'ament_cmake_args': None, 'build_base': '/mnt/d/Curtin_Colombo/year_3/sem_1/mxen3005/milestone_5_redone/mxen_ws/build/robot_viz', 'catkin_cmake_args': None, 'catkin_skip_building_tests': False, 'cmake_args': None, 'cmake_clean_cache': False, 'cmake_clean_first': False, 'cmake_force_configure': False, 'cmake_target': None, 'cmake_target_skip_unavailable': False, 'install_base': '/mnt/d/Curtin_Colombo/year_3/sem_1/mxen3005/milestone_5_redone/mxen_ws/install/robot_viz', 'merge_install': False, 'path': '/mnt/d/Curtin_Colombo/year_3/sem_1/mxen3005/milestone_5_redone/mxen_ws/src/robot_viz', 'symlink_install': False, 'test_result_base': None}
[4.417s] INFO:colcon.colcon_core.executor:Executing jobs using 'parallel' executor
[4.418s] DEBUG:colcon.colcon_parallel_executor.executor.parallel:run_until_complete
[4.419s] INFO:colcon.colcon_ros.task.ament_python.build:Building ROS package in '/mnt/d/Curtin_Colombo/year_3/sem_1/mxen3005/milestone_5_redone/mxen_ws/src/dobot_viz' with build type 'ament_python'
[4.419s] Level 1:colcon.colcon_core.shell:create_environment_hook('dobot_viz', 'ament_prefix_path')
[4.451s] INFO:colcon.colcon_core.plugin_system:Skipping extension 'colcon_core.shell.bat': Not used on non-Windows systems
[4.452s] INFO:colcon.colcon_core.shell:Creating environment hook '/mnt/d/Curtin_Colombo/year_3/sem_1/mxen3005/milestone_5_redone/mxen_ws/install/dobot_viz/share/dobot_viz/hook/ament_prefix_path.ps1'
[4.777s] INFO:colcon.colcon_core.shell:Creating environment descriptor '/mnt/d/Curtin_Colombo/year_3/sem_1/mxen3005/milestone_5_redone/mxen_ws/install/dobot_viz/share/dobot_viz/hook/ament_prefix_path.dsv'
[4.893s] INFO:colcon.colcon_core.shell:Creating environment hook '/mnt/d/Curtin_Colombo/year_3/sem_1/mxen3005/milestone_5_redone/mxen_ws/install/dobot_viz/share/dobot_viz/hook/ament_prefix_path.sh'
[5.145s] INFO:colcon.colcon_core.shell:Skip shell extension 'powershell' for command environment: Not usable outside of PowerShell
[5.178s] DEBUG:colcon.colcon_core.shell:Skip shell extension 'dsv' for command environment
[5.906s] INFO:colcon.colcon_ros.task.ament_python.build:Building ROS package in '/mnt/d/Curtin_Colombo/year_3/sem_1/mxen3005/milestone_5_redone/mxen_ws/src/robot_viz' with build type 'ament_python'
[5.912s] Level 1:colcon.colcon_core.shell:create_environment_hook('robot_viz', 'ament_prefix_path')
[5.915s] INFO:colcon.colcon_core.shell:Creating environment hook '/mnt/d/Curtin_Colombo/year_3/sem_1/mxen3005/milestone_5_redone/mxen_ws/install/robot_viz/share/robot_viz/hook/ament_prefix_path.ps1'
[6.021s] INFO:colcon.colcon_core.shell:Creating environment descriptor '/mnt/d/Curtin_Colombo/year_3/sem_1/mxen3005/milestone_5_redone/mxen_ws/install/robot_viz/share/robot_viz/hook/ament_prefix_path.dsv'
[6.167s] INFO:colcon.colcon_core.shell:Creating environment hook '/mnt/d/Curtin_Colombo/year_3/sem_1/mxen3005/milestone_5_redone/mxen_ws/install/robot_viz/share/robot_viz/hook/ament_prefix_path.sh'
[6.328s] INFO:colcon.colcon_core.shell:Skip shell extension 'powershell' for command environment: Not usable outside of PowerShell
[6.329s] DEBUG:colcon.colcon_core.shell:Skip shell extension 'dsv' for command environment
[10.540s] INFO:colcon.colcon_core.task.python.build:Building Python package in '/mnt/d/Curtin_Colombo/year_3/sem_1/mxen3005/milestone_5_redone/mxen_ws/src/dobot_viz'
[10.542s] INFO:colcon.colcon_core.shell:Skip shell extension 'powershell' for command environment: Not usable outside of PowerShell
[10.543s] DEBUG:colcon.colcon_core.shell:Skip shell extension 'dsv' for command environment
[14.934s] INFO:colcon.colcon_core.task.python.build:Building Python package in '/mnt/d/Curtin_Colombo/year_3/sem_1/mxen3005/milestone_5_redone/mxen_ws/src/robot_viz'
[14.935s] INFO:colcon.colcon_core.shell:Skip shell extension 'powershell' for command environment: Not usable outside of PowerShell
[14.936s] DEBUG:colcon.colcon_core.shell:Skip shell extension 'dsv' for command environment
[22.345s] DEBUG:colcon.colcon_core.event_handler.log_command:Invoking command in '/mnt/d/Curtin_Colombo/year_3/sem_1/mxen3005/milestone_5_redone/mxen_ws/src/robot_viz': PYTHONPATH=/mnt/d/Curtin_Colombo/year_3/sem_1/mxen3005/milestone_5_redone/mxen_ws/build/robot_viz/prefix_override:/usr/lib/python3/dist-packages/colcon_core/task/python/colcon_distutils_commands:/mnt/d/Curtin_Colombo/year_3/sem_1/mxen3005/milestone_5_redone/mxen_ws/install/robot_viz/lib/python3.12/site-packages:${PYTHONPATH} /usr/bin/python3 -W ignore:setup.py install is deprecated -W ignore:easy_install command is deprecated setup.py egg_info --egg-base ../../build/robot_viz build --build-base /mnt/d/Curtin_Colombo/year_3/sem_1/mxen3005/milestone_5_redone/mxen_ws/build/robot_viz/build install --record /mnt/d/Curtin_Colombo/year_3/sem_1/mxen3005/milestone_5_redone/mxen_ws/build/robot_viz/install.log --single-version-externally-managed install_data
[24.452s] DEBUG:colcon.colcon_core.event_handler.log_command:Invoking command in '/mnt/d/Curtin_Colombo/year_3/sem_1/mxen3005/milestone_5_redone/mxen_ws/src/dobot_viz': PYTHONPATH=/mnt/d/Curtin_Colombo/year_3/sem_1/mxen3005/milestone_5_redone/mxen_ws/build/dobot_viz/prefix_override:/usr/lib/python3/dist-packages/colcon_core/task/python/colcon_distutils_commands:/mnt/d/Curtin_Colombo/year_3/sem_1/mxen3005/milestone_5_redone/mxen_ws/install/dobot_viz/lib/python3.12/site-packages:${PYTHONPATH} /usr/bin/python3 -W ignore:setup.py install is deprecated -W ignore:easy_install command is deprecated setup.py egg_info --egg-base ../../build/dobot_viz build --build-base /mnt/d/Curtin_Colombo/year_3/sem_1/mxen3005/milestone_5_redone/mxen_ws/build/dobot_viz/build install --record /mnt/d/Curtin_Colombo/year_3/sem_1/mxen3005/milestone_5_redone/mxen_ws/build/dobot_viz/install.log --single-version-externally-managed install_data
[31.973s] DEBUG:colcon.colcon_core.event_handler.log_command:Invoked command in '/mnt/d/Curtin_Colombo/year_3/sem_1/mxen3005/milestone_5_redone/mxen_ws/src/robot_viz' returned '0': PYTHONPATH=/mnt/d/Curtin_Colombo/year_3/sem_1/mxen3005/milestone_5_redone/mxen_ws/build/robot_viz/prefix_override:/usr/lib/python3/dist-packages/colcon_core/task/python/colcon_distutils_commands:/mnt/d/Curtin_Colombo/year_3/sem_1/mxen3005/milestone_5_redone/mxen_ws/install/robot_viz/lib/python3.12/site-packages:${PYTHONPATH} /usr/bin/python3 -W ignore:setup.py install is deprecated -W ignore:easy_install command is deprecated setup.py egg_info --egg-base ../../build/robot_viz build --build-base /mnt/d/Curtin_Colombo/year_3/sem_1/mxen3005/milestone_5_redone/mxen_ws/build/robot_viz/build install --record /mnt/d/Curtin_Colombo/year_3/sem_1/mxen3005/milestone_5_redone/mxen_ws/build/robot_viz/install.log --single-version-externally-managed install_data
[32.011s] Level 1:colcon.colcon_core.environment:checking '/mnt/d/Curtin_Colombo/year_3/sem_1/mxen3005/milestone_5_redone/mxen_ws/install/robot_viz' for CMake module files
[32.313s] Level 1:colcon.colcon_core.environment:checking '/mnt/d/Curtin_Colombo/year_3/sem_1/mxen3005/milestone_5_redone/mxen_ws/install/robot_viz' for CMake config files
[32.919s] Level 1:colcon.colcon_core.environment:checking '/mnt/d/Curtin_Colombo/year_3/sem_1/mxen3005/milestone_5_redone/mxen_ws/install/robot_viz/lib'
[32.944s] Level 1:colcon.colcon_core.environment:checking '/mnt/d/Curtin_Colombo/year_3/sem_1/mxen3005/milestone_5_redone/mxen_ws/install/robot_viz/bin'
[32.947s] Level 1:colcon.colcon_core.environment:checking '/mnt/d/Curtin_Colombo/year_3/sem_1/mxen3005/milestone_5_redone/mxen_ws/install/robot_viz/lib/pkgconfig/robot_viz.pc'
[32.955s] Level 1:colcon.colcon_core.environment:checking '/mnt/d/Curtin_Colombo/year_3/sem_1/mxen3005/milestone_5_redone/mxen_ws/install/robot_viz/lib/python3.12/site-packages'
[32.964s] Level 1:colcon.colcon_core.shell:create_environment_hook('robot_viz', 'pythonpath')
[32.967s] INFO:colcon.colcon_core.shell:Creating environment hook '/mnt/d/Curtin_Colombo/year_3/sem_1/mxen3005/milestone_5_redone/mxen_ws/install/robot_viz/share/robot_viz/hook/pythonpath.ps1'
[33.083s] INFO:colcon.colcon_core.shell:Creating environment descriptor '/mnt/d/Curtin_Colombo/year_3/sem_1/mxen3005/milestone_5_redone/mxen_ws/install/robot_viz/share/robot_viz/hook/pythonpath.dsv'
[33.184s] INFO:colcon.colcon_core.shell:Creating environment hook '/mnt/d/Curtin_Colombo/year_3/sem_1/mxen3005/milestone_5_redone/mxen_ws/install/robot_viz/share/robot_viz/hook/pythonpath.sh'
[33.280s] Level 1:colcon.colcon_core.environment:checking '/mnt/d/Curtin_Colombo/year_3/sem_1/mxen3005/milestone_5_redone/mxen_ws/install/robot_viz/bin'
[33.282s] Level 1:colcon.colcon_core.environment:create_environment_scripts_only(robot_viz)
[33.282s] INFO:colcon.colcon_core.shell:Creating package script '/mnt/d/Curtin_Colombo/year_3/sem_1/mxen3005/milestone_5_redone/mxen_ws/install/robot_viz/share/robot_viz/package.ps1'
[33.315s] INFO:colcon.colcon_core.shell:Creating package descriptor '/mnt/d/Curtin_Colombo/year_3/sem_1/mxen3005/milestone_5_redone/mxen_ws/install/robot_viz/share/robot_viz/package.dsv'
[33.376s] INFO:colcon.colcon_core.shell:Creating package script '/mnt/d/Curtin_Colombo/year_3/sem_1/mxen3005/milestone_5_redone/mxen_ws/install/robot_viz/share/robot_viz/package.sh'
[33.490s] INFO:colcon.colcon_core.shell:Creating package script '/mnt/d/Curtin_Colombo/year_3/sem_1/mxen3005/milestone_5_redone/mxen_ws/install/robot_viz/share/robot_viz/package.bash'
[33.561s] INFO:colcon.colcon_core.shell:Creating package script '/mnt/d/Curtin_Colombo/year_3/sem_1/mxen3005/milestone_5_redone/mxen_ws/install/robot_viz/share/robot_viz/package.zsh'
[33.631s] Level 1:colcon.colcon_core.environment:create_file_with_runtime_dependencies(/mnt/d/Curtin_Colombo/year_3/sem_1/mxen3005/milestone_5_redone/mxen_ws/install/robot_viz/share/colcon-core/packages/robot_viz)
[35.907s] Level 1:colcon.colcon_core.environment:checking '/mnt/d/Curtin_Colombo/year_3/sem_1/mxen3005/milestone_5_redone/mxen_ws/install/dobot_viz' for CMake module files
[35.914s] DEBUG:colcon.colcon_core.event_handler.log_command:Invoked command in '/mnt/d/Curtin_Colombo/year_3/sem_1/mxen3005/milestone_5_redone/mxen_ws/src/dobot_viz' returned '0': PYTHONPATH=/mnt/d/Curtin_Colombo/year_3/sem_1/mxen3005/milestone_5_redone/mxen_ws/build/dobot_viz/prefix_override:/usr/lib/python3/dist-packages/colcon_core/task/python/colcon_distutils_commands:/mnt/d/Curtin_Colombo/year_3/sem_1/mxen3005/milestone_5_redone/mxen_ws/install/dobot_viz/lib/python3.12/site-packages:${PYTHONPATH} /usr/bin/python3 -W ignore:setup.py install is deprecated -W ignore:easy_install command is deprecated setup.py egg_info --egg-base ../../build/dobot_viz build --build-base /mnt/d/Curtin_Colombo/year_3/sem_1/mxen3005/milestone_5_redone/mxen_ws/build/dobot_viz/build install --record /mnt/d/Curtin_Colombo/year_3/sem_1/mxen3005/milestone_5_redone/mxen_ws/build/dobot_viz/install.log --single-version-externally-managed install_data
[36.286s] Level 1:colcon.colcon_core.environment:checking '/mnt/d/Curtin_Colombo/year_3/sem_1/mxen3005/milestone_5_redone/mxen_ws/install/dobot_viz' for CMake config files
[36.972s] Level 1:colcon.colcon_core.environment:checking '/mnt/d/Curtin_Colombo/year_3/sem_1/mxen3005/milestone_5_redone/mxen_ws/install/dobot_viz/lib'
[37.000s] Level 1:colcon.colcon_core.environment:checking '/mnt/d/Curtin_Colombo/year_3/sem_1/mxen3005/milestone_5_redone/mxen_ws/install/dobot_viz/bin'
[37.019s] Level 1:colcon.colcon_core.environment:checking '/mnt/d/Curtin_Colombo/year_3/sem_1/mxen3005/milestone_5_redone/mxen_ws/install/dobot_viz/lib/pkgconfig/dobot_viz.pc'
[37.079s] Level 1:colcon.colcon_core.environment:checking '/mnt/d/Curtin_Colombo/year_3/sem_1/mxen3005/milestone_5_redone/mxen_ws/install/dobot_viz/lib/python3.12/site-packages'
[37.105s] Level 1:colcon.colcon_core.shell:create_environment_hook('dobot_viz', 'pythonpath')
[37.106s] INFO:colcon.colcon_core.shell:Creating environment hook '/mnt/d/Curtin_Colombo/year_3/sem_1/mxen3005/milestone_5_redone/mxen_ws/install/dobot_viz/share/dobot_viz/hook/pythonpath.ps1'
[37.151s] INFO:colcon.colcon_core.shell:Creating environment descriptor '/mnt/d/Curtin_Colombo/year_3/sem_1/mxen3005/milestone_5_redone/mxen_ws/install/dobot_viz/share/dobot_viz/hook/pythonpath.dsv'
[37.295s] INFO:colcon.colcon_core.shell:Creating environment hook '/mnt/d/Curtin_Colombo/year_3/sem_1/mxen3005/milestone_5_redone/mxen_ws/install/dobot_viz/share/dobot_viz/hook/pythonpath.sh'
[37.364s] Level 1:colcon.colcon_core.environment:checking '/mnt/d/Curtin_Colombo/year_3/sem_1/mxen3005/milestone_5_redone/mxen_ws/install/dobot_viz/bin'
[37.370s] Level 1:colcon.colcon_core.environment:create_environment_scripts_only(dobot_viz)
[37.371s] INFO:colcon.colcon_core.shell:Creating package script '/mnt/d/Curtin_Colombo/year_3/sem_1/mxen3005/milestone_5_redone/mxen_ws/install/dobot_viz/share/dobot_viz/package.ps1'
[37.518s] INFO:colcon.colcon_core.shell:Creating package descriptor '/mnt/d/Curtin_Colombo/year_3/sem_1/mxen3005/milestone_5_redone/mxen_ws/install/dobot_viz/share/dobot_viz/package.dsv'
[37.620s] INFO:colcon.colcon_core.shell:Creating package script '/mnt/d/Curtin_Colombo/year_3/sem_1/mxen3005/milestone_5_redone/mxen_ws/install/dobot_viz/share/dobot_viz/package.sh'
[37.660s] INFO:colcon.colcon_core.shell:Creating package script '/mnt/d/Curtin_Colombo/year_3/sem_1/mxen3005/milestone_5_redone/mxen_ws/install/dobot_viz/share/dobot_viz/package.bash'
[37.828s] INFO:colcon.colcon_core.shell:Creating package script '/mnt/d/Curtin_Colombo/year_3/sem_1/mxen3005/milestone_5_redone/mxen_ws/install/dobot_viz/share/dobot_viz/package.zsh'
[37.918s] Level 1:colcon.colcon_core.environment:create_file_with_runtime_dependencies(/mnt/d/Curtin_Colombo/year_3/sem_1/mxen3005/milestone_5_redone/mxen_ws/install/dobot_viz/share/colcon-core/packages/dobot_viz)
[37.946s] DEBUG:colcon.colcon_parallel_executor.executor.parallel:closing loop
[37.947s] DEBUG:colcon.colcon_parallel_executor.executor.parallel:loop closed
[37.948s] DEBUG:colcon.colcon_parallel_executor.executor.parallel:run_until_complete finished with '0'
[37.948s] DEBUG:colcon.colcon_core.event_reactor:joining thread
[38.632s] INFO:colcon.colcon_core.plugin_system:Skipping extension 'colcon_notification.desktop_notification.notify_send': Could not find 'notify-send'
[38.632s] INFO:colcon.colcon_core.plugin_system:Skipping extension 'colcon_notification.desktop_notification.terminal_notifier': Not used on non-Darwin systems
[38.637s] INFO:colcon.colcon_core.plugin_system:Skipping extension 'colcon_notification.desktop_notification.win32': Not used on non-Windows systems
[38.638s] INFO:colcon.colcon_notification.desktop_notification:Sending desktop notification using 'notify2'
[38.649s] DEBUG:colcon.colcon_notification.desktop_notification.notify2:Failed to initialize notify2: org.freedesktop.DBus.Error.ServiceUnknown: The name org.freedesktop.Notifications was not provided by any .service files
[38.650s] DEBUG:colcon.colcon_core.event_reactor:joined thread
[38.651s] INFO:colcon.colcon_core.shell:Creating prefix script '/mnt/d/Curtin_Colombo/year_3/sem_1/mxen3005/milestone_5_redone/mxen_ws/install/local_setup.ps1'
[38.736s] INFO:colcon.colcon_core.shell:Creating prefix util module '/mnt/d/Curtin_Colombo/year_3/sem_1/mxen3005/milestone_5_redone/mxen_ws/install/_local_setup_util_ps1.py'
[38.800s] INFO:colcon.colcon_core.shell:Creating prefix chain script '/mnt/d/Curtin_Colombo/year_3/sem_1/mxen3005/milestone_5_redone/mxen_ws/install/setup.ps1'
[38.889s] INFO:colcon.colcon_core.shell:Creating prefix script '/mnt/d/Curtin_Colombo/year_3/sem_1/mxen3005/milestone_5_redone/mxen_ws/install/local_setup.sh'
[38.917s] INFO:colcon.colcon_core.shell:Creating prefix util module '/mnt/d/Curtin_Colombo/year_3/sem_1/mxen3005/milestone_5_redone/mxen_ws/install/_local_setup_util_sh.py'
[38.981s] INFO:colcon.colcon_core.shell:Creating prefix chain script '/mnt/d/Curtin_Colombo/year_3/sem_1/mxen3005/milestone_5_redone/mxen_ws/install/setup.sh'
[39.092s] INFO:colcon.colcon_core.shell:Creating prefix script '/mnt/d/Curtin_Colombo/year_3/sem_1/mxen3005/milestone_5_redone/mxen_ws/install/local_setup.bash'
[39.152s] INFO:colcon.colcon_core.shell:Creating prefix chain script '/mnt/d/Curtin_Colombo/year_3/sem_1/mxen3005/milestone_5_redone/mxen_ws/install/setup.bash'
[39.311s] INFO:colcon.colcon_core.shell:Creating prefix script '/mnt/d/Curtin_Colombo/year_3/sem_1/mxen3005/milestone_5_redone/mxen_ws/install/local_setup.zsh'
[39.353s] INFO:colcon.colcon_core.shell:Creating prefix chain script '/mnt/d/Curtin_Colombo/year_3/sem_1/mxen3005/milestone_5_redone/mxen_ws/install/setup.zsh'
