[16.427s] Invoking command in '/mnt/d/Curtin_Colombo/year_3/sem_1/mxen3005/milestone_5_redone/mxen_ws/src/robot_viz': PYTHONPATH=/mnt/d/Curtin_Colombo/year_3/sem_1/mxen3005/milestone_5_redone/mxen_ws/build/robot_viz/prefix_override:/usr/lib/python3/dist-packages/colcon_core/task/python/colcon_distutils_commands:/mnt/d/Curtin_Colombo/year_3/sem_1/mxen3005/milestone_5_redone/mxen_ws/install/robot_viz/lib/python3.12/site-packages:${PYTHONPATH} /usr/bin/python3 -W ignore:setup.py install is deprecated -W ignore:easy_install command is deprecated setup.py egg_info --egg-base ../../build/robot_viz build --build-base /mnt/d/Curtin_Colombo/year_3/sem_1/mxen3005/milestone_5_redone/mxen_ws/build/robot_viz/build install --record /mnt/d/Curtin_Colombo/year_3/sem_1/mxen3005/milestone_5_redone/mxen_ws/build/robot_viz/install.log --single-version-externally-managed install_data
[20.331s] running egg_info
[20.481s] writing ../../build/robot_viz/robot_viz.egg-info/PKG-INFO
[20.563s] writing dependency_links to ../../build/robot_viz/robot_viz.egg-info/dependency_links.txt
[20.589s] writing requirements to ../../build/robot_viz/robot_viz.egg-info/requires.txt
[20.624s] writing top-level names to ../../build/robot_viz/robot_viz.egg-info/top_level.txt
[21.208s] reading manifest file '../../build/robot_viz/robot_viz.egg-info/SOURCES.txt'
[21.648s] adding license file 'LICENSE'
[21.965s] writing manifest file '../../build/robot_viz/robot_viz.egg-info/SOURCES.txt'
[21.975s] running build
[21.980s] running build_py
[22.160s] running install
[22.207s] running install_lib
[22.855s] running install_data
[23.135s] copying launch/robots_viz_launch.xml -> /mnt/d/Curtin_Colombo/year_3/sem_1/mxen3005/milestone_5_redone/mxen_ws/install/robot_viz/share/robot_viz/launch
[23.412s] copying config/robots.rviz -> /mnt/d/Curtin_Colombo/year_3/sem_1/mxen3005/milestone_5_redone/mxen_ws/install/robot_viz/share/robot_viz/config
[23.646s] copying urdf/robot1.urdf.xacro -> /mnt/d/Curtin_Colombo/year_3/sem_1/mxen3005/milestone_5_redone/mxen_ws/install/robot_viz/share/robot_viz/urdf
[23.858s] running install_egg_info
[24.002s] removing '/mnt/d/Curtin_Colombo/year_3/sem_1/mxen3005/milestone_5_redone/mxen_ws/install/robot_viz/lib/python3.12/site-packages/robot_viz-0.0.0-py3.12.egg-info' (and everything under it)
[24.390s] Copying ../../build/robot_viz/robot_viz.egg-info to /mnt/d/Curtin_Colombo/year_3/sem_1/mxen3005/milestone_5_redone/mxen_ws/install/robot_viz/lib/python3.12/site-packages/robot_viz-0.0.0-py3.12.egg-info
[25.656s] running install_scripts
[26.730s] writing list of installed files to '/mnt/d/Curtin_Colombo/year_3/sem_1/mxen3005/milestone_5_redone/mxen_ws/build/robot_viz/install.log'
[26.785s] Invoked command in '/mnt/d/Curtin_Colombo/year_3/sem_1/mxen3005/milestone_5_redone/mxen_ws/src/robot_viz' returned '0': PYTHONPATH=/mnt/d/Curtin_Colombo/year_3/sem_1/mxen3005/milestone_5_redone/mxen_ws/build/robot_viz/prefix_override:/usr/lib/python3/dist-packages/colcon_core/task/python/colcon_distutils_commands:/mnt/d/Curtin_Colombo/year_3/sem_1/mxen3005/milestone_5_redone/mxen_ws/install/robot_viz/lib/python3.12/site-packages:${PYTHONPATH} /usr/bin/python3 -W ignore:setup.py install is deprecated -W ignore:easy_install command is deprecated setup.py egg_info --egg-base ../../build/robot_viz build --build-base /mnt/d/Curtin_Colombo/year_3/sem_1/mxen3005/milestone_5_redone/mxen_ws/build/robot_viz/build install --record /mnt/d/Curtin_Colombo/year_3/sem_1/mxen3005/milestone_5_redone/mxen_ws/build/robot_viz/install.log --single-version-externally-managed install_data
