[2.155s] DEBUG:colcon:Command line arguments: ['/usr/bin/colcon', 'build']
[2.159s] DEBUG:colcon:Parsed command line arguments: Namespace(log_base=None, log_level=None, verb_name='build', build_base='build', install_base='install', merge_install=False, symlink_install=False, test_result_base=None, continue_on_error=False, executor='parallel', parallel_workers=16, event_handlers=None, ignore_user_meta=False, metas=['./colcon.meta'], base_paths=['.'], packages_ignore=None, packages_ignore_regex=None, paths=None, packages_up_to=None, packages_up_to_regex=None, packages_above=None, packages_above_and_dependencies=None, packages_above_depth=None, packages_select_by_dep=None, packages_skip_by_dep=None, packages_skip_up_to=None, packages_select_build_failed=False, packages_skip_build_finished=False, packages_select_test_failures=False, packages_skip_test_passed=False, packages_select=None, packages_skip=None, packages_select_regex=None, packages_skip_regex=None, packages_start=None, packages_end=None, allow_overriding=[], cmake_args=None, cmake_target=None, cmake_target_skip_unavailable=False, cmake_clean_cache=False, cmake_clean_first=False, cmake_force_configure=False, ament_cmake_args=None, catkin_cmake_args=None, catkin_skip_building_tests=False, mixin_files=None, mixin=None, verb_parser=<colcon_mixin.mixin.mixin_argument.MixinArgumentDecorator object at 0x7e570929dfa0>, verb_extension=<colcon_core.verb.build.BuildVerb object at 0x7e57090e2f30>, main=<bound method BuildVerb.main of <colcon_core.verb.build.BuildVerb object at 0x7e57090e2f30>>, mixin_verb=('build',))
[2.306s] Level 1:colcon.colcon_core.package_discovery:discover_packages(colcon_meta) check parameters
[2.308s] Level 1:colcon.colcon_core.package_discovery:discover_packages(recursive) check parameters
[2.309s] Level 1:colcon.colcon_core.package_discovery:discover_packages(ignore) check parameters
[2.309s] Level 1:colcon.colcon_core.package_discovery:discover_packages(path) check parameters
[2.311s] Level 1:colcon.colcon_core.package_discovery:discover_packages(colcon_meta) discover
[2.312s] Level 1:colcon.colcon_core.package_discovery:discover_packages(recursive) discover
[2.313s] INFO:colcon.colcon_core.package_discovery:Crawling recursively for packages in '/mnt/d/Curtin_Colombo/year_3/sem_1/mxen3005/milestone_5_redone/mxen_ws'
[2.321s] Level 1:colcon.colcon_core.package_identification:_identify(.) by extensions ['ignore', 'ignore_ament_install']
[2.323s] Level 1:colcon.colcon_core.package_identification:_identify(.) by extension 'ignore'
[2.328s] Level 1:colcon.colcon_core.package_identification:_identify(.) by extension 'ignore_ament_install'
[2.333s] Level 1:colcon.colcon_core.package_identification:_identify(.) by extensions ['colcon_pkg']
[2.334s] Level 1:colcon.colcon_core.package_identification:_identify(.) by extension 'colcon_pkg'
[2.340s] Level 1:colcon.colcon_core.package_identification:_identify(.) by extensions ['colcon_meta']
[2.342s] Level 1:colcon.colcon_core.package_identification:_identify(.) by extension 'colcon_meta'
[2.344s] Level 1:colcon.colcon_core.package_identification:_identify(.) by extensions ['ros']
[2.345s] Level 1:colcon.colcon_core.package_identification:_identify(.) by extension 'ros'
[2.401s] Level 1:colcon.colcon_core.package_identification:_identify(.) by extensions ['cmake', 'python']
[2.403s] Level 1:colcon.colcon_core.package_identification:_identify(.) by extension 'cmake'
[2.414s] Level 1:colcon.colcon_core.package_identification:_identify(.) by extension 'python'
[2.428s] Level 1:colcon.colcon_core.package_identification:_identify(.) by extensions ['python_setup_py']
[2.431s] Level 1:colcon.colcon_core.package_identification:_identify(.) by extension 'python_setup_py'
[2.466s] Level 1:colcon.colcon_core.package_identification:_identify(build) by extensions ['ignore', 'ignore_ament_install']
[2.467s] Level 1:colcon.colcon_core.package_identification:_identify(build) by extension 'ignore'
[2.474s] Level 1:colcon.colcon_core.package_identification:_identify(build) ignored
[2.493s] Level 1:colcon.colcon_core.package_identification:_identify(install) by extensions ['ignore', 'ignore_ament_install']
[2.494s] Level 1:colcon.colcon_core.package_identification:_identify(install) by extension 'ignore'
[2.507s] Level 1:colcon.colcon_core.package_identification:_identify(install) ignored
[2.591s] Level 1:colcon.colcon_core.package_identification:_identify(log) by extensions ['ignore', 'ignore_ament_install']
[2.594s] Level 1:colcon.colcon_core.package_identification:_identify(log) by extension 'ignore'
[2.614s] Level 1:colcon.colcon_core.package_identification:_identify(log) ignored
[2.658s] Level 1:colcon.colcon_core.package_identification:_identify(src) by extensions ['ignore', 'ignore_ament_install']
[2.660s] Level 1:colcon.colcon_core.package_identification:_identify(src) by extension 'ignore'
[2.675s] Level 1:colcon.colcon_core.package_identification:_identify(src) by extension 'ignore_ament_install'
[2.692s] Level 1:colcon.colcon_core.package_identification:_identify(src) by extensions ['colcon_pkg']
[2.694s] Level 1:colcon.colcon_core.package_identification:_identify(src) by extension 'colcon_pkg'
[2.704s] Level 1:colcon.colcon_core.package_identification:_identify(src) by extensions ['colcon_meta']
[2.706s] Level 1:colcon.colcon_core.package_identification:_identify(src) by extension 'colcon_meta'
[2.713s] Level 1:colcon.colcon_core.package_identification:_identify(src) by extensions ['ros']
[2.714s] Level 1:colcon.colcon_core.package_identification:_identify(src) by extension 'ros'
[2.794s] Level 1:colcon.colcon_core.package_identification:_identify(src) by extensions ['cmake', 'python']
[2.797s] Level 1:colcon.colcon_core.package_identification:_identify(src) by extension 'cmake'
[2.821s] Level 1:colcon.colcon_core.package_identification:_identify(src) by extension 'python'
[2.843s] Level 1:colcon.colcon_core.package_identification:_identify(src) by extensions ['python_setup_py']
[2.847s] Level 1:colcon.colcon_core.package_identification:_identify(src) by extension 'python_setup_py'
[2.929s] Level 1:colcon.colcon_core.package_identification:_identify(src/dobot_viz) by extensions ['ignore', 'ignore_ament_install']
[2.931s] Level 1:colcon.colcon_core.package_identification:_identify(src/dobot_viz) by extension 'ignore'
[2.947s] Level 1:colcon.colcon_core.package_identification:_identify(src/dobot_viz) by extension 'ignore_ament_install'
[2.965s] Level 1:colcon.colcon_core.package_identification:_identify(src/dobot_viz) by extensions ['colcon_pkg']
[2.966s] Level 1:colcon.colcon_core.package_identification:_identify(src/dobot_viz) by extension 'colcon_pkg'
[2.977s] Level 1:colcon.colcon_core.package_identification:_identify(src/dobot_viz) by extensions ['colcon_meta']
[2.978s] Level 1:colcon.colcon_core.package_identification:_identify(src/dobot_viz) by extension 'colcon_meta'
[2.987s] Level 1:colcon.colcon_core.package_identification:_identify(src/dobot_viz) by extensions ['ros']
[2.992s] Level 1:colcon.colcon_core.package_identification:_identify(src/dobot_viz) by extension 'ros'
[3.321s] DEBUG:colcon.colcon_core.package_identification:Package 'src/dobot_viz' with type 'ros.ament_python' and name 'dobot_viz'
[3.417s] Level 1:colcon.colcon_core.package_identification:_identify(src/robot_viz) by extensions ['ignore', 'ignore_ament_install']
[3.424s] Level 1:colcon.colcon_core.package_identification:_identify(src/robot_viz) by extension 'ignore'
[3.457s] Level 1:colcon.colcon_core.package_identification:_identify(src/robot_viz) by extension 'ignore_ament_install'
[3.521s] Level 1:colcon.colcon_core.package_identification:_identify(src/robot_viz) by extensions ['colcon_pkg']
[3.529s] Level 1:colcon.colcon_core.package_identification:_identify(src/robot_viz) by extension 'colcon_pkg'
[3.560s] Level 1:colcon.colcon_core.package_identification:_identify(src/robot_viz) by extensions ['colcon_meta']
[3.563s] Level 1:colcon.colcon_core.package_identification:_identify(src/robot_viz) by extension 'colcon_meta'
[3.599s] Level 1:colcon.colcon_core.package_identification:_identify(src/robot_viz) by extensions ['ros']
[3.603s] Level 1:colcon.colcon_core.package_identification:_identify(src/robot_viz) by extension 'ros'
[3.896s] DEBUG:colcon.colcon_core.package_identification:Package 'src/robot_viz' with type 'ros.ament_python' and name 'robot_viz'
[3.900s] Level 1:colcon.colcon_core.package_discovery:discover_packages(recursive) using defaults
[3.904s] Level 1:colcon.colcon_core.package_discovery:discover_packages(ignore) discover
[3.911s] Level 1:colcon.colcon_core.package_discovery:discover_packages(ignore) using defaults
[3.916s] Level 1:colcon.colcon_core.package_discovery:discover_packages(path) discover
[3.920s] Level 1:colcon.colcon_core.package_discovery:discover_packages(path) using defaults
[4.182s] Level 1:colcon.colcon_core.package_discovery:discover_packages(prefix_path) check parameters
[4.184s] Level 1:colcon.colcon_core.package_discovery:discover_packages(prefix_path) discover
[4.195s] DEBUG:colcon.colcon_installed_package_information.package_discovery:Found 293 installed packages in /opt/ros/kilted
[4.220s] Level 1:colcon.colcon_core.package_discovery:discover_packages(prefix_path) using defaults
[4.346s] Level 5:colcon.colcon_core.verb:set package 'dobot_viz' build argument 'cmake_args' from command line to 'None'
[4.349s] Level 5:colcon.colcon_core.verb:set package 'dobot_viz' build argument 'cmake_target' from command line to 'None'
[4.354s] Level 5:colcon.colcon_core.verb:set package 'dobot_viz' build argument 'cmake_target_skip_unavailable' from command line to 'False'
[4.358s] Level 5:colcon.colcon_core.verb:set package 'dobot_viz' build argument 'cmake_clean_cache' from command line to 'False'
[4.363s] Level 5:colcon.colcon_core.verb:set package 'dobot_viz' build argument 'cmake_clean_first' from command line to 'False'
[4.366s] Level 5:colcon.colcon_core.verb:set package 'dobot_viz' build argument 'cmake_force_configure' from command line to 'False'
[4.373s] Level 5:colcon.colcon_core.verb:set package 'dobot_viz' build argument 'ament_cmake_args' from command line to 'None'
[4.376s] Level 5:colcon.colcon_core.verb:set package 'dobot_viz' build argument 'catkin_cmake_args' from command line to 'None'
[4.378s] Level 5:colcon.colcon_core.verb:set package 'dobot_viz' build argument 'catkin_skip_building_tests' from command line to 'False'
[4.383s] DEBUG:colcon.colcon_core.verb:Building package 'dobot_viz' with the following arguments: {'ament_cmake_args': None, 'build_base': '/mnt/d/Curtin_Colombo/year_3/sem_1/mxen3005/milestone_5_redone/mxen_ws/build/dobot_viz', 'catkin_cmake_args': None, 'catkin_skip_building_tests': False, 'cmake_args': None, 'cmake_clean_cache': False, 'cmake_clean_first': False, 'cmake_force_configure': False, 'cmake_target': None, 'cmake_target_skip_unavailable': False, 'install_base': '/mnt/d/Curtin_Colombo/year_3/sem_1/mxen3005/milestone_5_redone/mxen_ws/install/dobot_viz', 'merge_install': False, 'path': '/mnt/d/Curtin_Colombo/year_3/sem_1/mxen3005/milestone_5_redone/mxen_ws/src/dobot_viz', 'symlink_install': False, 'test_result_base': None}
[4.387s] Level 5:colcon.colcon_core.verb:set package 'robot_viz' build argument 'cmake_args' from command line to 'None'
[4.391s] Level 5:colcon.colcon_core.verb:set package 'robot_viz' build argument 'cmake_target' from command line to 'None'
[4.393s] Level 5:colcon.colcon_core.verb:set package 'robot_viz' build argument 'cmake_target_skip_unavailable' from command line to 'False'
[4.395s] Level 5:colcon.colcon_core.verb:set package 'robot_viz' build argument 'cmake_clean_cache' from command line to 'False'
[4.398s] Level 5:colcon.colcon_core.verb:set package 'robot_viz' build argument 'cmake_clean_first' from command line to 'False'
[4.402s] Level 5:colcon.colcon_core.verb:set package 'robot_viz' build argument 'cmake_force_configure' from command line to 'False'
[4.405s] Level 5:colcon.colcon_core.verb:set package 'robot_viz' build argument 'ament_cmake_args' from command line to 'None'
[4.408s] Level 5:colcon.colcon_core.verb:set package 'robot_viz' build argument 'catkin_cmake_args' from command line to 'None'
[4.411s] Level 5:colcon.colcon_core.verb:set package 'robot_viz' build argument 'catkin_skip_building_tests' from command line to 'False'
[4.415s] DEBUG:colcon.colcon_core.verb:Building package 'robot_viz' with the following arguments: {'ament_cmake_args': None, 'build_base': '/mnt/d/Curtin_Colombo/year_3/sem_1/mxen3005/milestone_5_redone/mxen_ws/build/robot_viz', 'catkin_cmake_args': None, 'catkin_skip_building_tests': False, 'cmake_args': None, 'cmake_clean_cache': False, 'cmake_clean_first': False, 'cmake_force_configure': False, 'cmake_target': None, 'cmake_target_skip_unavailable': False, 'install_base': '/mnt/d/Curtin_Colombo/year_3/sem_1/mxen3005/milestone_5_redone/mxen_ws/install/robot_viz', 'merge_install': False, 'path': '/mnt/d/Curtin_Colombo/year_3/sem_1/mxen3005/milestone_5_redone/mxen_ws/src/robot_viz', 'symlink_install': False, 'test_result_base': None}
[4.420s] INFO:colcon.colcon_core.executor:Executing jobs using 'parallel' executor
[4.427s] DEBUG:colcon.colcon_parallel_executor.executor.parallel:run_until_complete
[4.428s] INFO:colcon.colcon_ros.task.ament_python.build:Building ROS package in '/mnt/d/Curtin_Colombo/year_3/sem_1/mxen3005/milestone_5_redone/mxen_ws/src/dobot_viz' with build type 'ament_python'
[4.429s] Level 1:colcon.colcon_core.shell:create_environment_hook('dobot_viz', 'ament_prefix_path')
[4.435s] INFO:colcon.colcon_core.plugin_system:Skipping extension 'colcon_core.shell.bat': Not used on non-Windows systems
[4.438s] INFO:colcon.colcon_core.shell:Creating environment hook '/mnt/d/Curtin_Colombo/year_3/sem_1/mxen3005/milestone_5_redone/mxen_ws/install/dobot_viz/share/dobot_viz/hook/ament_prefix_path.ps1'
[4.581s] INFO:colcon.colcon_core.shell:Creating environment descriptor '/mnt/d/Curtin_Colombo/year_3/sem_1/mxen3005/milestone_5_redone/mxen_ws/install/dobot_viz/share/dobot_viz/hook/ament_prefix_path.dsv'
[4.889s] INFO:colcon.colcon_core.shell:Creating environment hook '/mnt/d/Curtin_Colombo/year_3/sem_1/mxen3005/milestone_5_redone/mxen_ws/install/dobot_viz/share/dobot_viz/hook/ament_prefix_path.sh'
[5.179s] INFO:colcon.colcon_core.shell:Skip shell extension 'powershell' for command environment: Not usable outside of PowerShell
[5.182s] DEBUG:colcon.colcon_core.shell:Skip shell extension 'dsv' for command environment
[5.388s] INFO:colcon.colcon_ros.task.ament_python.build:Building ROS package in '/mnt/d/Curtin_Colombo/year_3/sem_1/mxen3005/milestone_5_redone/mxen_ws/src/robot_viz' with build type 'ament_python'
[5.391s] Level 1:colcon.colcon_core.shell:create_environment_hook('robot_viz', 'ament_prefix_path')
[5.393s] INFO:colcon.colcon_core.shell:Creating environment hook '/mnt/d/Curtin_Colombo/year_3/sem_1/mxen3005/milestone_5_redone/mxen_ws/install/robot_viz/share/robot_viz/hook/ament_prefix_path.ps1'
[5.655s] INFO:colcon.colcon_core.shell:Creating environment descriptor '/mnt/d/Curtin_Colombo/year_3/sem_1/mxen3005/milestone_5_redone/mxen_ws/install/robot_viz/share/robot_viz/hook/ament_prefix_path.dsv'
[5.935s] INFO:colcon.colcon_core.shell:Creating environment hook '/mnt/d/Curtin_Colombo/year_3/sem_1/mxen3005/milestone_5_redone/mxen_ws/install/robot_viz/share/robot_viz/hook/ament_prefix_path.sh'
[6.248s] INFO:colcon.colcon_core.shell:Skip shell extension 'powershell' for command environment: Not usable outside of PowerShell
[6.251s] DEBUG:colcon.colcon_core.shell:Skip shell extension 'dsv' for command environment
[7.600s] INFO:colcon.colcon_core.task.python.build:Building Python package in '/mnt/d/Curtin_Colombo/year_3/sem_1/mxen3005/milestone_5_redone/mxen_ws/src/dobot_viz'
[7.601s] INFO:colcon.colcon_core.shell:Skip shell extension 'powershell' for command environment: Not usable outside of PowerShell
[7.602s] DEBUG:colcon.colcon_core.shell:Skip shell extension 'dsv' for command environment
[8.436s] INFO:colcon.colcon_core.task.python.build:Building Python package in '/mnt/d/Curtin_Colombo/year_3/sem_1/mxen3005/milestone_5_redone/mxen_ws/src/robot_viz'
[8.442s] INFO:colcon.colcon_core.shell:Skip shell extension 'powershell' for command environment: Not usable outside of PowerShell
[8.448s] DEBUG:colcon.colcon_core.shell:Skip shell extension 'dsv' for command environment
[22.435s] DEBUG:colcon.colcon_core.event_handler.log_command:Invoking command in '/mnt/d/Curtin_Colombo/year_3/sem_1/mxen3005/milestone_5_redone/mxen_ws/src/dobot_viz': PYTHONPATH=/mnt/d/Curtin_Colombo/year_3/sem_1/mxen3005/milestone_5_redone/mxen_ws/build/dobot_viz/prefix_override:/usr/lib/python3/dist-packages/colcon_core/task/python/colcon_distutils_commands:/mnt/d/Curtin_Colombo/year_3/sem_1/mxen3005/milestone_5_redone/mxen_ws/install/dobot_viz/lib/python3.12/site-packages:${PYTHONPATH} /usr/bin/python3 -W ignore:setup.py install is deprecated -W ignore:easy_install command is deprecated setup.py egg_info --egg-base ../../build/dobot_viz build --build-base /mnt/d/Curtin_Colombo/year_3/sem_1/mxen3005/milestone_5_redone/mxen_ws/build/dobot_viz/build install --record /mnt/d/Curtin_Colombo/year_3/sem_1/mxen3005/milestone_5_redone/mxen_ws/build/dobot_viz/install.log --single-version-externally-managed install_data
[22.687s] DEBUG:colcon.colcon_core.event_handler.log_command:Invoking command in '/mnt/d/Curtin_Colombo/year_3/sem_1/mxen3005/milestone_5_redone/mxen_ws/src/robot_viz': PYTHONPATH=/mnt/d/Curtin_Colombo/year_3/sem_1/mxen3005/milestone_5_redone/mxen_ws/build/robot_viz/prefix_override:/usr/lib/python3/dist-packages/colcon_core/task/python/colcon_distutils_commands:/mnt/d/Curtin_Colombo/year_3/sem_1/mxen3005/milestone_5_redone/mxen_ws/install/robot_viz/lib/python3.12/site-packages:${PYTHONPATH} /usr/bin/python3 -W ignore:setup.py install is deprecated -W ignore:easy_install command is deprecated setup.py egg_info --egg-base ../../build/robot_viz build --build-base /mnt/d/Curtin_Colombo/year_3/sem_1/mxen3005/milestone_5_redone/mxen_ws/build/robot_viz/build install --record /mnt/d/Curtin_Colombo/year_3/sem_1/mxen3005/milestone_5_redone/mxen_ws/build/robot_viz/install.log --single-version-externally-managed install_data
[40.830s] Level 1:colcon.colcon_core.environment:checking '/mnt/d/Curtin_Colombo/year_3/sem_1/mxen3005/milestone_5_redone/mxen_ws/install/dobot_viz' for CMake module files
[40.834s] DEBUG:colcon.colcon_core.event_handler.log_command:Invoked command in '/mnt/d/Curtin_Colombo/year_3/sem_1/mxen3005/milestone_5_redone/mxen_ws/src/dobot_viz' returned '0': PYTHONPATH=/mnt/d/Curtin_Colombo/year_3/sem_1/mxen3005/milestone_5_redone/mxen_ws/build/dobot_viz/prefix_override:/usr/lib/python3/dist-packages/colcon_core/task/python/colcon_distutils_commands:/mnt/d/Curtin_Colombo/year_3/sem_1/mxen3005/milestone_5_redone/mxen_ws/install/dobot_viz/lib/python3.12/site-packages:${PYTHONPATH} /usr/bin/python3 -W ignore:setup.py install is deprecated -W ignore:easy_install command is deprecated setup.py egg_info --egg-base ../../build/dobot_viz build --build-base /mnt/d/Curtin_Colombo/year_3/sem_1/mxen3005/milestone_5_redone/mxen_ws/build/dobot_viz/build install --record /mnt/d/Curtin_Colombo/year_3/sem_1/mxen3005/milestone_5_redone/mxen_ws/build/dobot_viz/install.log --single-version-externally-managed install_data
[41.528s] Level 1:colcon.colcon_core.environment:checking '/mnt/d/Curtin_Colombo/year_3/sem_1/mxen3005/milestone_5_redone/mxen_ws/install/dobot_viz' for CMake config files
[42.736s] Level 1:colcon.colcon_core.environment:checking '/mnt/d/Curtin_Colombo/year_3/sem_1/mxen3005/milestone_5_redone/mxen_ws/install/dobot_viz/lib'
[42.765s] Level 1:colcon.colcon_core.environment:checking '/mnt/d/Curtin_Colombo/year_3/sem_1/mxen3005/milestone_5_redone/mxen_ws/install/dobot_viz/bin'
[42.773s] Level 1:colcon.colcon_core.environment:checking '/mnt/d/Curtin_Colombo/year_3/sem_1/mxen3005/milestone_5_redone/mxen_ws/install/dobot_viz/lib/pkgconfig/dobot_viz.pc'
[42.783s] Level 1:colcon.colcon_core.environment:checking '/mnt/d/Curtin_Colombo/year_3/sem_1/mxen3005/milestone_5_redone/mxen_ws/install/dobot_viz/lib/python3.12/site-packages'
[42.795s] Level 1:colcon.colcon_core.shell:create_environment_hook('dobot_viz', 'pythonpath')
[42.796s] INFO:colcon.colcon_core.shell:Creating environment hook '/mnt/d/Curtin_Colombo/year_3/sem_1/mxen3005/milestone_5_redone/mxen_ws/install/dobot_viz/share/dobot_viz/hook/pythonpath.ps1'
[42.959s] INFO:colcon.colcon_core.shell:Creating environment descriptor '/mnt/d/Curtin_Colombo/year_3/sem_1/mxen3005/milestone_5_redone/mxen_ws/install/dobot_viz/share/dobot_viz/hook/pythonpath.dsv'
[43.137s] INFO:colcon.colcon_core.shell:Creating environment hook '/mnt/d/Curtin_Colombo/year_3/sem_1/mxen3005/milestone_5_redone/mxen_ws/install/dobot_viz/share/dobot_viz/hook/pythonpath.sh'
[43.356s] Level 1:colcon.colcon_core.environment:checking '/mnt/d/Curtin_Colombo/year_3/sem_1/mxen3005/milestone_5_redone/mxen_ws/install/dobot_viz/bin'
[43.385s] Level 1:colcon.colcon_core.environment:create_environment_scripts_only(dobot_viz)
[43.390s] INFO:colcon.colcon_core.shell:Creating package script '/mnt/d/Curtin_Colombo/year_3/sem_1/mxen3005/milestone_5_redone/mxen_ws/install/dobot_viz/share/dobot_viz/package.ps1'
[43.522s] INFO:colcon.colcon_core.shell:Creating package descriptor '/mnt/d/Curtin_Colombo/year_3/sem_1/mxen3005/milestone_5_redone/mxen_ws/install/dobot_viz/share/dobot_viz/package.dsv'
[43.691s] INFO:colcon.colcon_core.shell:Creating package script '/mnt/d/Curtin_Colombo/year_3/sem_1/mxen3005/milestone_5_redone/mxen_ws/install/dobot_viz/share/dobot_viz/package.sh'
[43.862s] INFO:colcon.colcon_core.shell:Creating package script '/mnt/d/Curtin_Colombo/year_3/sem_1/mxen3005/milestone_5_redone/mxen_ws/install/dobot_viz/share/dobot_viz/package.bash'
[44.078s] INFO:colcon.colcon_core.shell:Creating package script '/mnt/d/Curtin_Colombo/year_3/sem_1/mxen3005/milestone_5_redone/mxen_ws/install/dobot_viz/share/dobot_viz/package.zsh'
[44.267s] Level 1:colcon.colcon_core.environment:create_file_with_runtime_dependencies(/mnt/d/Curtin_Colombo/year_3/sem_1/mxen3005/milestone_5_redone/mxen_ws/install/dobot_viz/share/colcon-core/packages/dobot_viz)
[44.376s] Level 1:colcon.colcon_core.environment:checking '/mnt/d/Curtin_Colombo/year_3/sem_1/mxen3005/milestone_5_redone/mxen_ws/install/robot_viz' for CMake module files
[44.487s] DEBUG:colcon.colcon_core.event_handler.log_command:Invoked command in '/mnt/d/Curtin_Colombo/year_3/sem_1/mxen3005/milestone_5_redone/mxen_ws/src/robot_viz' returned '0': PYTHONPATH=/mnt/d/Curtin_Colombo/year_3/sem_1/mxen3005/milestone_5_redone/mxen_ws/build/robot_viz/prefix_override:/usr/lib/python3/dist-packages/colcon_core/task/python/colcon_distutils_commands:/mnt/d/Curtin_Colombo/year_3/sem_1/mxen3005/milestone_5_redone/mxen_ws/install/robot_viz/lib/python3.12/site-packages:${PYTHONPATH} /usr/bin/python3 -W ignore:setup.py install is deprecated -W ignore:easy_install command is deprecated setup.py egg_info --egg-base ../../build/robot_viz build --build-base /mnt/d/Curtin_Colombo/year_3/sem_1/mxen3005/milestone_5_redone/mxen_ws/build/robot_viz/build install --record /mnt/d/Curtin_Colombo/year_3/sem_1/mxen3005/milestone_5_redone/mxen_ws/build/robot_viz/install.log --single-version-externally-managed install_data
[44.875s] Level 1:colcon.colcon_core.environment:checking '/mnt/d/Curtin_Colombo/year_3/sem_1/mxen3005/milestone_5_redone/mxen_ws/install/robot_viz' for CMake config files
[46.044s] Level 1:colcon.colcon_core.environment:checking '/mnt/d/Curtin_Colombo/year_3/sem_1/mxen3005/milestone_5_redone/mxen_ws/install/robot_viz/lib'
[46.120s] Level 1:colcon.colcon_core.environment:checking '/mnt/d/Curtin_Colombo/year_3/sem_1/mxen3005/milestone_5_redone/mxen_ws/install/robot_viz/bin'
[46.137s] Level 1:colcon.colcon_core.environment:checking '/mnt/d/Curtin_Colombo/year_3/sem_1/mxen3005/milestone_5_redone/mxen_ws/install/robot_viz/lib/pkgconfig/robot_viz.pc'
[46.163s] Level 1:colcon.colcon_core.environment:checking '/mnt/d/Curtin_Colombo/year_3/sem_1/mxen3005/milestone_5_redone/mxen_ws/install/robot_viz/lib/python3.12/site-packages'
[46.197s] Level 1:colcon.colcon_core.shell:create_environment_hook('robot_viz', 'pythonpath')
[46.199s] INFO:colcon.colcon_core.shell:Creating environment hook '/mnt/d/Curtin_Colombo/year_3/sem_1/mxen3005/milestone_5_redone/mxen_ws/install/robot_viz/share/robot_viz/hook/pythonpath.ps1'
[46.334s] INFO:colcon.colcon_core.shell:Creating environment descriptor '/mnt/d/Curtin_Colombo/year_3/sem_1/mxen3005/milestone_5_redone/mxen_ws/install/robot_viz/share/robot_viz/hook/pythonpath.dsv'
[46.449s] INFO:colcon.colcon_core.shell:Creating environment hook '/mnt/d/Curtin_Colombo/year_3/sem_1/mxen3005/milestone_5_redone/mxen_ws/install/robot_viz/share/robot_viz/hook/pythonpath.sh'
[46.542s] Level 1:colcon.colcon_core.environment:checking '/mnt/d/Curtin_Colombo/year_3/sem_1/mxen3005/milestone_5_redone/mxen_ws/install/robot_viz/bin'
[46.549s] Level 1:colcon.colcon_core.environment:create_environment_scripts_only(robot_viz)
[46.551s] INFO:colcon.colcon_core.shell:Creating package script '/mnt/d/Curtin_Colombo/year_3/sem_1/mxen3005/milestone_5_redone/mxen_ws/install/robot_viz/share/robot_viz/package.ps1'
[46.744s] INFO:colcon.colcon_core.shell:Creating package descriptor '/mnt/d/Curtin_Colombo/year_3/sem_1/mxen3005/milestone_5_redone/mxen_ws/install/robot_viz/share/robot_viz/package.dsv'
[46.817s] INFO:colcon.colcon_core.shell:Creating package script '/mnt/d/Curtin_Colombo/year_3/sem_1/mxen3005/milestone_5_redone/mxen_ws/install/robot_viz/share/robot_viz/package.sh'
[46.962s] INFO:colcon.colcon_core.shell:Creating package script '/mnt/d/Curtin_Colombo/year_3/sem_1/mxen3005/milestone_5_redone/mxen_ws/install/robot_viz/share/robot_viz/package.bash'
[47.190s] INFO:colcon.colcon_core.shell:Creating package script '/mnt/d/Curtin_Colombo/year_3/sem_1/mxen3005/milestone_5_redone/mxen_ws/install/robot_viz/share/robot_viz/package.zsh'
[47.265s] Level 1:colcon.colcon_core.environment:create_file_with_runtime_dependencies(/mnt/d/Curtin_Colombo/year_3/sem_1/mxen3005/milestone_5_redone/mxen_ws/install/robot_viz/share/colcon-core/packages/robot_viz)
[47.421s] DEBUG:colcon.colcon_parallel_executor.executor.parallel:closing loop
[47.423s] DEBUG:colcon.colcon_parallel_executor.executor.parallel:loop closed
[47.425s] DEBUG:colcon.colcon_parallel_executor.executor.parallel:run_until_complete finished with '0'
[47.426s] DEBUG:colcon.colcon_core.event_reactor:joining thread
[48.499s] INFO:colcon.colcon_core.plugin_system:Skipping extension 'colcon_notification.desktop_notification.notify_send': Could not find 'notify-send'
[48.502s] INFO:colcon.colcon_core.plugin_system:Skipping extension 'colcon_notification.desktop_notification.terminal_notifier': Not used on non-Darwin systems
[48.506s] INFO:colcon.colcon_core.plugin_system:Skipping extension 'colcon_notification.desktop_notification.win32': Not used on non-Windows systems
[48.508s] INFO:colcon.colcon_notification.desktop_notification:Sending desktop notification using 'notify2'
[48.514s] DEBUG:colcon.colcon_notification.desktop_notification.notify2:Failed to initialize notify2: org.freedesktop.DBus.Error.ServiceUnknown: The name org.freedesktop.Notifications was not provided by any .service files
[48.516s] DEBUG:colcon.colcon_core.event_reactor:joined thread
[48.518s] INFO:colcon.colcon_core.shell:Creating prefix script '/mnt/d/Curtin_Colombo/year_3/sem_1/mxen3005/milestone_5_redone/mxen_ws/install/local_setup.ps1'
[48.597s] INFO:colcon.colcon_core.shell:Creating prefix util module '/mnt/d/Curtin_Colombo/year_3/sem_1/mxen3005/milestone_5_redone/mxen_ws/install/_local_setup_util_ps1.py'
[48.659s] INFO:colcon.colcon_core.shell:Creating prefix chain script '/mnt/d/Curtin_Colombo/year_3/sem_1/mxen3005/milestone_5_redone/mxen_ws/install/setup.ps1'
[48.753s] INFO:colcon.colcon_core.shell:Creating prefix script '/mnt/d/Curtin_Colombo/year_3/sem_1/mxen3005/milestone_5_redone/mxen_ws/install/local_setup.sh'
[48.851s] INFO:colcon.colcon_core.shell:Creating prefix util module '/mnt/d/Curtin_Colombo/year_3/sem_1/mxen3005/milestone_5_redone/mxen_ws/install/_local_setup_util_sh.py'
[48.915s] INFO:colcon.colcon_core.shell:Creating prefix chain script '/mnt/d/Curtin_Colombo/year_3/sem_1/mxen3005/milestone_5_redone/mxen_ws/install/setup.sh'
[48.986s] INFO:colcon.colcon_core.shell:Creating prefix script '/mnt/d/Curtin_Colombo/year_3/sem_1/mxen3005/milestone_5_redone/mxen_ws/install/local_setup.bash'
[49.072s] INFO:colcon.colcon_core.shell:Creating prefix chain script '/mnt/d/Curtin_Colombo/year_3/sem_1/mxen3005/milestone_5_redone/mxen_ws/install/setup.bash'
[49.123s] INFO:colcon.colcon_core.shell:Creating prefix script '/mnt/d/Curtin_Colombo/year_3/sem_1/mxen3005/milestone_5_redone/mxen_ws/install/local_setup.zsh'
[49.202s] INFO:colcon.colcon_core.shell:Creating prefix chain script '/mnt/d/Curtin_Colombo/year_3/sem_1/mxen3005/milestone_5_redone/mxen_ws/install/setup.zsh'
